<?xml version="1.0" encoding="ISO-8859-1" ?>
<link_info>
   <banner>MSP430 Linker PC v20.2.5.LTS</banner>
   <copyright>Copyright (c) 2003-2018 Texas Instruments Incorporated</copyright>
   <link_time>0x614dcfea</link_time>
   <link_errors>0x0</link_errors>
   <output_file>MSP430FR6972_MODBUS.out</output_file>
   <entry_point>
      <name>_c_int00_noargs_mpu</name>
      <address>0x444c</address>
   </entry_point>
   <input_file_list>
      <input_file id="fl-2">
         <path>.\</path>
         <kind>object</kind>
         <file>interrupts.obj</file>
         <name>interrupts.obj</name>
      </input_file>
      <input_file id="fl-3">
         <path>.\</path>
         <kind>object</kind>
         <file>main.obj</file>
         <name>main.obj</name>
      </input_file>
      <input_file id="fl-4">
         <path>.\</path>
         <kind>object</kind>
         <file>modbusRTU.obj</file>
         <name>modbusRTU.obj</name>
      </input_file>
      <input_file id="fl-5">
         <path>.\</path>
         <kind>object</kind>
         <file>modbus_responces.obj</file>
         <name>modbus_responces.obj</name>
      </input_file>
      <input_file id="fl-6">
         <path>.\</path>
         <kind>object</kind>
         <file>periph_init.obj</file>
         <name>periph_init.obj</name>
      </input_file>
      <input_file id="fl-7">
         <path>.\driverlib\MSP430FR5xx_6xx\</path>
         <kind>object</kind>
         <file>adc12_b.obj</file>
         <name>adc12_b.obj</name>
      </input_file>
      <input_file id="fl-8">
         <path>.\driverlib\MSP430FR5xx_6xx\</path>
         <kind>object</kind>
         <file>aes256.obj</file>
         <name>aes256.obj</name>
      </input_file>
      <input_file id="fl-9">
         <path>.\driverlib\MSP430FR5xx_6xx\</path>
         <kind>object</kind>
         <file>comp_e.obj</file>
         <name>comp_e.obj</name>
      </input_file>
      <input_file id="fl-a">
         <path>.\driverlib\MSP430FR5xx_6xx\</path>
         <kind>object</kind>
         <file>crc.obj</file>
         <name>crc.obj</name>
      </input_file>
      <input_file id="fl-b">
         <path>.\driverlib\MSP430FR5xx_6xx\</path>
         <kind>object</kind>
         <file>crc32.obj</file>
         <name>crc32.obj</name>
      </input_file>
      <input_file id="fl-c">
         <path>.\driverlib\MSP430FR5xx_6xx\</path>
         <kind>object</kind>
         <file>cs.obj</file>
         <name>cs.obj</name>
      </input_file>
      <input_file id="fl-d">
         <path>.\driverlib\MSP430FR5xx_6xx\</path>
         <kind>object</kind>
         <file>dma.obj</file>
         <name>dma.obj</name>
      </input_file>
      <input_file id="fl-e">
         <path>.\driverlib\MSP430FR5xx_6xx\</path>
         <kind>object</kind>
         <file>esi.obj</file>
         <name>esi.obj</name>
      </input_file>
      <input_file id="fl-f">
         <path>.\driverlib\MSP430FR5xx_6xx\</path>
         <kind>object</kind>
         <file>eusci_a_spi.obj</file>
         <name>eusci_a_spi.obj</name>
      </input_file>
      <input_file id="fl-10">
         <path>.\driverlib\MSP430FR5xx_6xx\</path>
         <kind>object</kind>
         <file>eusci_a_uart.obj</file>
         <name>eusci_a_uart.obj</name>
      </input_file>
      <input_file id="fl-11">
         <path>.\driverlib\MSP430FR5xx_6xx\</path>
         <kind>object</kind>
         <file>eusci_b_i2c.obj</file>
         <name>eusci_b_i2c.obj</name>
      </input_file>
      <input_file id="fl-12">
         <path>.\driverlib\MSP430FR5xx_6xx\</path>
         <kind>object</kind>
         <file>eusci_b_spi.obj</file>
         <name>eusci_b_spi.obj</name>
      </input_file>
      <input_file id="fl-13">
         <path>.\driverlib\MSP430FR5xx_6xx\</path>
         <kind>object</kind>
         <file>framctl.obj</file>
         <name>framctl.obj</name>
      </input_file>
      <input_file id="fl-14">
         <path>.\driverlib\MSP430FR5xx_6xx\</path>
         <kind>object</kind>
         <file>framctl_a.obj</file>
         <name>framctl_a.obj</name>
      </input_file>
      <input_file id="fl-15">
         <path>.\driverlib\MSP430FR5xx_6xx\</path>
         <kind>object</kind>
         <file>gpio.obj</file>
         <name>gpio.obj</name>
      </input_file>
      <input_file id="fl-16">
         <path>.\driverlib\MSP430FR5xx_6xx\</path>
         <kind>object</kind>
         <file>hspll.obj</file>
         <name>hspll.obj</name>
      </input_file>
      <input_file id="fl-17">
         <path>.\driverlib\MSP430FR5xx_6xx\</path>
         <kind>object</kind>
         <file>lcd_c.obj</file>
         <name>lcd_c.obj</name>
      </input_file>
      <input_file id="fl-18">
         <path>.\driverlib\MSP430FR5xx_6xx\</path>
         <kind>object</kind>
         <file>mpu.obj</file>
         <name>mpu.obj</name>
      </input_file>
      <input_file id="fl-19">
         <path>.\driverlib\MSP430FR5xx_6xx\</path>
         <kind>object</kind>
         <file>mpy32.obj</file>
         <name>mpy32.obj</name>
      </input_file>
      <input_file id="fl-1a">
         <path>.\driverlib\MSP430FR5xx_6xx\</path>
         <kind>object</kind>
         <file>mtif.obj</file>
         <name>mtif.obj</name>
      </input_file>
      <input_file id="fl-1b">
         <path>.\driverlib\MSP430FR5xx_6xx\</path>
         <kind>object</kind>
         <file>pmm.obj</file>
         <name>pmm.obj</name>
      </input_file>
      <input_file id="fl-1c">
         <path>.\driverlib\MSP430FR5xx_6xx\</path>
         <kind>object</kind>
         <file>ram.obj</file>
         <name>ram.obj</name>
      </input_file>
      <input_file id="fl-1d">
         <path>.\driverlib\MSP430FR5xx_6xx\</path>
         <kind>object</kind>
         <file>ref_a.obj</file>
         <name>ref_a.obj</name>
      </input_file>
      <input_file id="fl-1e">
         <path>.\driverlib\MSP430FR5xx_6xx\</path>
         <kind>object</kind>
         <file>rtc_b.obj</file>
         <name>rtc_b.obj</name>
      </input_file>
      <input_file id="fl-1f">
         <path>.\driverlib\MSP430FR5xx_6xx\</path>
         <kind>object</kind>
         <file>rtc_c.obj</file>
         <name>rtc_c.obj</name>
      </input_file>
      <input_file id="fl-20">
         <path>.\driverlib\MSP430FR5xx_6xx\</path>
         <kind>object</kind>
         <file>saph.obj</file>
         <name>saph.obj</name>
      </input_file>
      <input_file id="fl-21">
         <path>.\driverlib\MSP430FR5xx_6xx\</path>
         <kind>object</kind>
         <file>saph_a.obj</file>
         <name>saph_a.obj</name>
      </input_file>
      <input_file id="fl-22">
         <path>.\driverlib\MSP430FR5xx_6xx\</path>
         <kind>object</kind>
         <file>sdhs.obj</file>
         <name>sdhs.obj</name>
      </input_file>
      <input_file id="fl-23">
         <path>.\driverlib\MSP430FR5xx_6xx\</path>
         <kind>object</kind>
         <file>sfr.obj</file>
         <name>sfr.obj</name>
      </input_file>
      <input_file id="fl-24">
         <path>.\driverlib\MSP430FR5xx_6xx\</path>
         <kind>object</kind>
         <file>sysctl.obj</file>
         <name>sysctl.obj</name>
      </input_file>
      <input_file id="fl-25">
         <path>.\driverlib\MSP430FR5xx_6xx\</path>
         <kind>object</kind>
         <file>timer_a.obj</file>
         <name>timer_a.obj</name>
      </input_file>
      <input_file id="fl-26">
         <path>.\driverlib\MSP430FR5xx_6xx\</path>
         <kind>object</kind>
         <file>timer_b.obj</file>
         <name>timer_b.obj</name>
      </input_file>
      <input_file id="fl-27">
         <path>.\driverlib\MSP430FR5xx_6xx\</path>
         <kind>object</kind>
         <file>tlv.obj</file>
         <name>tlv.obj</name>
      </input_file>
      <input_file id="fl-28">
         <path>.\driverlib\MSP430FR5xx_6xx\</path>
         <kind>object</kind>
         <file>uups.obj</file>
         <name>uups.obj</name>
      </input_file>
      <input_file id="fl-29">
         <path>.\driverlib\MSP430FR5xx_6xx\</path>
         <kind>object</kind>
         <file>wdt_a.obj</file>
         <name>wdt_a.obj</name>
      </input_file>
      <input_file id="fl-30">
         <kind>object</kind>
         <file>&lt;internal&gt;</file>
         <name>&lt;internal&gt;</name>
      </input_file>
      <input_file id="fl-50">
         <path>C:\ti\ccs1020\ccs\tools\compiler\ti-cgt-msp430_20.2.5.LTS\lib\</path>
         <kind>archive</kind>
         <file>rts430x_lc_rd_eabi.lib</file>
         <name>copy_decompress_lzss.c.obj</name>
      </input_file>
      <input_file id="fl-51">
         <path>C:\ti\ccs1020\ccs\tools\compiler\ti-cgt-msp430_20.2.5.LTS\lib\</path>
         <kind>archive</kind>
         <file>rts430x_lc_rd_eabi.lib</file>
         <name>copy_decompress_none.c.obj</name>
      </input_file>
      <input_file id="fl-52">
         <path>C:\ti\ccs1020\ccs\tools\compiler\ti-cgt-msp430_20.2.5.LTS\lib\</path>
         <kind>archive</kind>
         <file>rts430x_lc_rd_eabi.lib</file>
         <name>int27.asm.obj</name>
      </input_file>
      <input_file id="fl-53">
         <path>C:\ti\ccs1020\ccs\tools\compiler\ti-cgt-msp430_20.2.5.LTS\lib\</path>
         <kind>archive</kind>
         <file>rts430x_lc_rd_eabi.lib</file>
         <name>isr_trap.asm.obj</name>
      </input_file>
      <input_file id="fl-54">
         <path>C:\ti\ccs1020\ccs\tools\compiler\ti-cgt-msp430_20.2.5.LTS\lib\</path>
         <kind>archive</kind>
         <file>rts430x_lc_rd_eabi.lib</file>
         <name>int28.asm.obj</name>
      </input_file>
      <input_file id="fl-55">
         <path>C:\ti\ccs1020\ccs\tools\compiler\ti-cgt-msp430_20.2.5.LTS\lib\</path>
         <kind>archive</kind>
         <file>rts430x_lc_rd_eabi.lib</file>
         <name>int29.asm.obj</name>
      </input_file>
      <input_file id="fl-56">
         <path>C:\ti\ccs1020\ccs\tools\compiler\ti-cgt-msp430_20.2.5.LTS\lib\</path>
         <kind>archive</kind>
         <file>rts430x_lc_rd_eabi.lib</file>
         <name>int30.asm.obj</name>
      </input_file>
      <input_file id="fl-57">
         <path>C:\ti\ccs1020\ccs\tools\compiler\ti-cgt-msp430_20.2.5.LTS\lib\</path>
         <kind>archive</kind>
         <file>rts430x_lc_rd_eabi.lib</file>
         <name>int31.asm.obj</name>
      </input_file>
      <input_file id="fl-58">
         <path>C:\ti\ccs1020\ccs\tools\compiler\ti-cgt-msp430_20.2.5.LTS\lib\</path>
         <kind>archive</kind>
         <file>rts430x_lc_rd_eabi.lib</file>
         <name>int32.asm.obj</name>
      </input_file>
      <input_file id="fl-59">
         <path>C:\ti\ccs1020\ccs\tools\compiler\ti-cgt-msp430_20.2.5.LTS\lib\</path>
         <kind>archive</kind>
         <file>rts430x_lc_rd_eabi.lib</file>
         <name>int33.asm.obj</name>
      </input_file>
      <input_file id="fl-5a">
         <path>C:\ti\ccs1020\ccs\tools\compiler\ti-cgt-msp430_20.2.5.LTS\lib\</path>
         <kind>archive</kind>
         <file>rts430x_lc_rd_eabi.lib</file>
         <name>int34.asm.obj</name>
      </input_file>
      <input_file id="fl-5b">
         <path>C:\ti\ccs1020\ccs\tools\compiler\ti-cgt-msp430_20.2.5.LTS\lib\</path>
         <kind>archive</kind>
         <file>rts430x_lc_rd_eabi.lib</file>
         <name>int35.asm.obj</name>
      </input_file>
      <input_file id="fl-5c">
         <path>C:\ti\ccs1020\ccs\tools\compiler\ti-cgt-msp430_20.2.5.LTS\lib\</path>
         <kind>archive</kind>
         <file>rts430x_lc_rd_eabi.lib</file>
         <name>int36.asm.obj</name>
      </input_file>
      <input_file id="fl-5d">
         <path>C:\ti\ccs1020\ccs\tools\compiler\ti-cgt-msp430_20.2.5.LTS\lib\</path>
         <kind>archive</kind>
         <file>rts430x_lc_rd_eabi.lib</file>
         <name>int37.asm.obj</name>
      </input_file>
      <input_file id="fl-5e">
         <path>C:\ti\ccs1020\ccs\tools\compiler\ti-cgt-msp430_20.2.5.LTS\lib\</path>
         <kind>archive</kind>
         <file>rts430x_lc_rd_eabi.lib</file>
         <name>int38.asm.obj</name>
      </input_file>
      <input_file id="fl-5f">
         <path>C:\ti\ccs1020\ccs\tools\compiler\ti-cgt-msp430_20.2.5.LTS\lib\</path>
         <kind>archive</kind>
         <file>rts430x_lc_rd_eabi.lib</file>
         <name>int39.asm.obj</name>
      </input_file>
      <input_file id="fl-60">
         <path>C:\ti\ccs1020\ccs\tools\compiler\ti-cgt-msp430_20.2.5.LTS\lib\</path>
         <kind>archive</kind>
         <file>rts430x_lc_rd_eabi.lib</file>
         <name>int40.asm.obj</name>
      </input_file>
      <input_file id="fl-61">
         <path>C:\ti\ccs1020\ccs\tools\compiler\ti-cgt-msp430_20.2.5.LTS\lib\</path>
         <kind>archive</kind>
         <file>rts430x_lc_rd_eabi.lib</file>
         <name>int41.asm.obj</name>
      </input_file>
      <input_file id="fl-62">
         <path>C:\ti\ccs1020\ccs\tools\compiler\ti-cgt-msp430_20.2.5.LTS\lib\</path>
         <kind>archive</kind>
         <file>rts430x_lc_rd_eabi.lib</file>
         <name>int42.asm.obj</name>
      </input_file>
      <input_file id="fl-63">
         <path>C:\ti\ccs1020\ccs\tools\compiler\ti-cgt-msp430_20.2.5.LTS\lib\</path>
         <kind>archive</kind>
         <file>rts430x_lc_rd_eabi.lib</file>
         <name>int43.asm.obj</name>
      </input_file>
      <input_file id="fl-64">
         <path>C:\ti\ccs1020\ccs\tools\compiler\ti-cgt-msp430_20.2.5.LTS\lib\</path>
         <kind>archive</kind>
         <file>rts430x_lc_rd_eabi.lib</file>
         <name>int45.asm.obj</name>
      </input_file>
      <input_file id="fl-65">
         <path>C:\ti\ccs1020\ccs\tools\compiler\ti-cgt-msp430_20.2.5.LTS\lib\</path>
         <kind>archive</kind>
         <file>rts430x_lc_rd_eabi.lib</file>
         <name>int46.asm.obj</name>
      </input_file>
      <input_file id="fl-66">
         <path>C:\ti\ccs1020\ccs\tools\compiler\ti-cgt-msp430_20.2.5.LTS\lib\</path>
         <kind>archive</kind>
         <file>rts430x_lc_rd_eabi.lib</file>
         <name>int49.asm.obj</name>
      </input_file>
      <input_file id="fl-67">
         <path>C:\ti\ccs1020\ccs\tools\compiler\ti-cgt-msp430_20.2.5.LTS\lib\</path>
         <kind>archive</kind>
         <file>rts430x_lc_rd_eabi.lib</file>
         <name>int50.asm.obj</name>
      </input_file>
      <input_file id="fl-68">
         <path>C:\ti\ccs1020\ccs\tools\compiler\ti-cgt-msp430_20.2.5.LTS\lib\</path>
         <kind>archive</kind>
         <file>rts430x_lc_rd_eabi.lib</file>
         <name>int51.asm.obj</name>
      </input_file>
      <input_file id="fl-69">
         <path>C:\ti\ccs1020\ccs\tools\compiler\ti-cgt-msp430_20.2.5.LTS\lib\</path>
         <kind>archive</kind>
         <file>rts430x_lc_rd_eabi.lib</file>
         <name>int52.asm.obj</name>
      </input_file>
      <input_file id="fl-6a">
         <path>C:\ti\ccs1020\ccs\tools\compiler\ti-cgt-msp430_20.2.5.LTS\lib\</path>
         <kind>archive</kind>
         <file>rts430x_lc_rd_eabi.lib</file>
         <name>int53.asm.obj</name>
      </input_file>
      <input_file id="fl-6b">
         <path>C:\ti\ccs1020\ccs\tools\compiler\ti-cgt-msp430_20.2.5.LTS\lib\</path>
         <kind>archive</kind>
         <file>rts430x_lc_rd_eabi.lib</file>
         <name>int54.asm.obj</name>
      </input_file>
      <input_file id="fl-6c">
         <path>C:\ti\ccs1020\ccs\tools\compiler\ti-cgt-msp430_20.2.5.LTS\lib\</path>
         <kind>archive</kind>
         <file>rts430x_lc_rd_eabi.lib</file>
         <name>copy_zero_init.c.obj</name>
      </input_file>
      <input_file id="fl-6d">
         <path>C:\ti\ccs1020\ccs\tools\compiler\ti-cgt-msp430_20.2.5.LTS\lib\</path>
         <kind>archive</kind>
         <file>rts430x_lc_rd_eabi.lib</file>
         <name>div16s.asm.obj</name>
      </input_file>
      <input_file id="fl-6e">
         <path>C:\ti\ccs1020\ccs\tools\compiler\ti-cgt-msp430_20.2.5.LTS\lib\</path>
         <kind>archive</kind>
         <file>rts430x_lc_rd_eabi.lib</file>
         <name>div32s.asm.obj</name>
      </input_file>
      <input_file id="fl-6f">
         <path>C:\ti\ccs1020\ccs\tools\compiler\ti-cgt-msp430_20.2.5.LTS\lib\</path>
         <kind>archive</kind>
         <file>rts430x_lc_rd_eabi.lib</file>
         <name>div16u.asm.obj</name>
      </input_file>
      <input_file id="fl-70">
         <path>C:\ti\ccs1020\ccs\tools\compiler\ti-cgt-msp430_20.2.5.LTS\lib\</path>
         <kind>archive</kind>
         <file>rts430x_lc_rd_eabi.lib</file>
         <name>div32u.asm.obj</name>
      </input_file>
      <input_file id="fl-71">
         <path>C:\ti\ccs1020\ccs\tools\compiler\ti-cgt-msp430_20.2.5.LTS\lib\</path>
         <kind>archive</kind>
         <file>rts430x_lc_rd_eabi.lib</file>
         <name>mult16_f5hw.asm.obj</name>
      </input_file>
      <input_file id="fl-72">
         <path>C:\ti\ccs1020\ccs\tools\compiler\ti-cgt-msp430_20.2.5.LTS\lib\</path>
         <kind>archive</kind>
         <file>rts430x_lc_rd_eabi.lib</file>
         <name>mult32_f5hw.asm.obj</name>
      </input_file>
      <input_file id="fl-73">
         <path>C:\ti\ccs1020\ccs\tools\compiler\ti-cgt-msp430_20.2.5.LTS\lib\</path>
         <kind>archive</kind>
         <file>rts430x_lc_rd_eabi.lib</file>
         <name>mult64_f5hw.asm.obj</name>
      </input_file>
      <input_file id="fl-74">
         <path>C:\ti\ccs1020\ccs\tools\compiler\ti-cgt-msp430_20.2.5.LTS\lib\</path>
         <kind>archive</kind>
         <file>rts430x_lc_rd_eabi.lib</file>
         <name>mult1632_f5hw.asm.obj</name>
      </input_file>
      <input_file id="fl-75">
         <path>C:\ti\ccs1020\ccs\tools\compiler\ti-cgt-msp430_20.2.5.LTS\lib\</path>
         <kind>archive</kind>
         <file>rts430x_lc_rd_eabi.lib</file>
         <name>mult3264_f5hw.asm.obj</name>
      </input_file>
      <input_file id="fl-76">
         <path>C:\ti\ccs1020\ccs\tools\compiler\ti-cgt-msp430_20.2.5.LTS\lib\</path>
         <kind>archive</kind>
         <file>rts430x_lc_rd_eabi.lib</file>
         <name>lsl16.asm.obj</name>
      </input_file>
      <input_file id="fl-77">
         <path>C:\ti\ccs1020\ccs\tools\compiler\ti-cgt-msp430_20.2.5.LTS\lib\</path>
         <kind>archive</kind>
         <file>rts430x_lc_rd_eabi.lib</file>
         <name>asr16.asm.obj</name>
      </input_file>
      <input_file id="fl-78">
         <path>C:\ti\ccs1020\ccs\tools\compiler\ti-cgt-msp430_20.2.5.LTS\lib\</path>
         <kind>archive</kind>
         <file>rts430x_lc_rd_eabi.lib</file>
         <name>lsr16.asm.obj</name>
      </input_file>
      <input_file id="fl-79">
         <path>C:\ti\ccs1020\ccs\tools\compiler\ti-cgt-msp430_20.2.5.LTS\lib\</path>
         <kind>archive</kind>
         <file>rts430x_lc_rd_eabi.lib</file>
         <name>boot.c.obj</name>
      </input_file>
      <input_file id="fl-7a">
         <path>C:\ti\ccs1020\ccs\ccs_base\msp430\lib\FR59xx\</path>
         <kind>archive</kind>
         <file>MSPMPU_INIT_LIB_CCS_msp430_large_code_restricted_data.lib</file>
         <name>mpu_init.o</name>
      </input_file>
      <input_file id="fl-7b">
         <path>C:\ti\ccs1020\ccs\tools\compiler\ti-cgt-msp430_20.2.5.LTS\lib\</path>
         <kind>archive</kind>
         <file>rts430x_lc_rd_eabi.lib</file>
         <name>args_main.c.obj</name>
      </input_file>
      <input_file id="fl-7c">
         <path>C:\ti\ccs1020\ccs\tools\compiler\ti-cgt-msp430_20.2.5.LTS\lib\</path>
         <kind>archive</kind>
         <file>rts430x_lc_rd_eabi.lib</file>
         <name>autoinit.c.obj</name>
      </input_file>
      <input_file id="fl-7d">
         <path>C:\ti\ccs1020\ccs\tools\compiler\ti-cgt-msp430_20.2.5.LTS\lib\</path>
         <kind>archive</kind>
         <file>rts430x_lc_rd_eabi.lib</file>
         <name>startup.c.obj</name>
      </input_file>
      <input_file id="fl-7e">
         <path>C:\ti\ccs1020\ccs\tools\compiler\ti-cgt-msp430_20.2.5.LTS\lib\</path>
         <kind>archive</kind>
         <file>rts430x_lc_rd_eabi.lib</file>
         <name>pre_init.c.obj</name>
      </input_file>
      <input_file id="fl-7f">
         <path>C:\ti\ccs1020\ccs\tools\compiler\ti-cgt-msp430_20.2.5.LTS\lib\</path>
         <kind>archive</kind>
         <file>rts430x_lc_rd_eabi.lib</file>
         <name>cpy_tbl.c.obj</name>
      </input_file>
      <input_file id="fl-80">
         <path>C:\ti\ccs1020\ccs\tools\compiler\ti-cgt-msp430_20.2.5.LTS\lib\</path>
         <kind>archive</kind>
         <file>rts430x_lc_rd_eabi.lib</file>
         <name>mult16.asm.obj</name>
      </input_file>
      <input_file id="fl-81">
         <path>C:\ti\ccs1020\ccs\tools\compiler\ti-cgt-msp430_20.2.5.LTS\lib\</path>
         <kind>archive</kind>
         <file>rts430x_lc_rd_eabi.lib</file>
         <name>exit.c.obj</name>
      </input_file>
      <input_file id="fl-82">
         <path>C:\ti\ccs1020\ccs\tools\compiler\ti-cgt-msp430_20.2.5.LTS\lib\</path>
         <kind>archive</kind>
         <file>rts430x_lc_rd_eabi.lib</file>
         <name>exit_gvars.c.obj</name>
      </input_file>
      <input_file id="fl-83">
         <path>C:\ti\ccs1020\ccs\tools\compiler\ti-cgt-msp430_20.2.5.LTS\lib\</path>
         <kind>archive</kind>
         <file>rts430x_lc_rd_eabi.lib</file>
         <name>_lock.c.obj</name>
      </input_file>
      <input_file id="fl-84">
         <path>C:\ti\ccs1020\ccs\tools\compiler\ti-cgt-msp430_20.2.5.LTS\lib\</path>
         <kind>archive</kind>
         <file>rts430x_lc_rd_eabi.lib</file>
         <name>memcpy.c.obj</name>
      </input_file>
   </input_file_list>
   <object_component_list>
      <object_component id="oc-77f">
         <name>__TI_handler_table</name>
         <load_address>0x4488</load_address>
         <run_address>0x4488</run_address>
         <size>0xc</size>
      </object_component>
      <object_component id="oc-782">
         <name>.cinit..data.load</name>
         <load_address>0x4494</load_address>
         <run_address>0x4494</run_address>
         <size>0x7</size>
      </object_component>
      <object_component id="oc-781">
         <name>.cinit..bss.load</name>
         <load_address>0x449c</load_address>
         <run_address>0x449c</run_address>
         <size>0x6</size>
      </object_component>
      <object_component id="oc-780">
         <name>__TI_cinit_table</name>
         <load_address>0x44a2</load_address>
         <run_address>0x44a2</run_address>
         <size>0x10</size>
      </object_component>
      <object_component id="oc-70f">
         <name>.binit</name>
         <load_address>0x4400</load_address>
         <run_address>0x4400</run_address>
         <size>0x0</size>
      </object_component>
      <object_component id="oc-4e6">
         <name>.text:_isr:USCI_A0_ISR</name>
         <load_address>0x4400</load_address>
         <run_address>0x4400</run_address>
         <size>0x4c</size>
         <input_file_ref idref="fl-2"/>
      </object_component>
      <object_component id="oc-516">
         <name>.text:_isr:_c_int00_noargs_mpu</name>
         <load_address>0x444c</load_address>
         <run_address>0x444c</run_address>
         <size>0x20</size>
         <input_file_ref idref="fl-79"/>
      </object_component>
      <object_component id="oc-4e0">
         <name>.text:_isr:Timer0_A0_ISR</name>
         <load_address>0x446c</load_address>
         <run_address>0x446c</run_address>
         <size>0x14</size>
         <input_file_ref idref="fl-2"/>
      </object_component>
      <object_component id="oc-4db">
         <name>.text:_isr:__TI_ISR_TRAP</name>
         <load_address>0x4480</load_address>
         <run_address>0x4480</run_address>
         <size>0x8</size>
         <input_file_ref idref="fl-53"/>
      </object_component>
      <object_component id="oc-6b2">
         <name>.text:MB_Read_Responce</name>
         <load_address>0x10000</load_address>
         <run_address>0x10000</run_address>
         <size>0x322</size>
         <input_file_ref idref="fl-5"/>
      </object_component>
      <object_component id="oc-6ac">
         <name>.text:MB_Write_Responce</name>
         <load_address>0x10322</load_address>
         <run_address>0x10322</run_address>
         <size>0x118</size>
         <input_file_ref idref="fl-5"/>
      </object_component>
      <object_component id="oc-62f">
         <name>.text:ReadWriteMultiple_RegisterHandler</name>
         <load_address>0x1043a</load_address>
         <run_address>0x1043a</run_address>
         <size>0x10a</size>
         <input_file_ref idref="fl-4"/>
      </object_component>
      <object_component id="oc-635">
         <name>.text:WriteMultiple_RegisterHandler</name>
         <load_address>0x10544</load_address>
         <run_address>0x10544</run_address>
         <size>0xde</size>
         <input_file_ref idref="fl-4"/>
      </object_component>
      <object_component id="oc-600">
         <name>.text:Perip_Init_GPIO</name>
         <load_address>0x10622</load_address>
         <run_address>0x10622</run_address>
         <size>0xae</size>
         <input_file_ref idref="fl-6"/>
      </object_component>
      <object_component id="oc-5af">
         <name>.text:MB_Request_Task</name>
         <load_address>0x106d0</load_address>
         <run_address>0x106d0</run_address>
         <size>0xa4</size>
         <input_file_ref idref="fl-4"/>
      </object_component>
      <object_component id="oc-629">
         <name>.text:MB_ErrorHandler</name>
         <load_address>0x10774</load_address>
         <run_address>0x10774</run_address>
         <size>0x98</size>
         <input_file_ref idref="fl-4"/>
      </object_component>
      <object_component id="oc-5a9">
         <name>.text:IsTimeEllapsed</name>
         <load_address>0x1080c</load_address>
         <run_address>0x1080c</run_address>
         <size>0x7c</size>
         <input_file_ref idref="fl-3"/>
      </object_component>
      <object_component id="oc-6b9">
         <name>.text:MB_Responce_Task</name>
         <load_address>0x10888</load_address>
         <run_address>0x10888</run_address>
         <size>0x78</size>
         <input_file_ref idref="fl-4"/>
      </object_component>
      <object_component id="oc-79">
         <name>.text:decompress:lzss:__TI_decompress_lzss</name>
         <load_address>0x10900</load_address>
         <run_address>0x10900</run_address>
         <size>0x76</size>
         <input_file_ref idref="fl-50"/>
      </object_component>
      <object_component id="oc-623">
         <name>.text:MB_Check_RXBuffer_Complete</name>
         <load_address>0x10976</load_address>
         <run_address>0x10976</run_address>
         <size>0x70</size>
         <input_file_ref idref="fl-4"/>
      </object_component>
      <object_component id="oc-641">
         <name>.text:ReadHolding_RegisterHandler</name>
         <load_address>0x109e6</load_address>
         <run_address>0x109e6</run_address>
         <size>0x70</size>
         <input_file_ref idref="fl-4"/>
      </object_component>
      <object_component id="oc-63b">
         <name>.text:WriteSingle_RegisterHandler</name>
         <load_address>0x10a56</load_address>
         <run_address>0x10a56</run_address>
         <size>0x6e</size>
         <input_file_ref idref="fl-4"/>
      </object_component>
      <object_component id="oc-5da">
         <name>.text:__TI_auto_init_nobinit_nopinit_hold_wdt:__TI_auto_init_nobinit_nopinit_hold_wdt</name>
         <load_address>0x10ac4</load_address>
         <run_address>0x10ac4</run_address>
         <size>0x54</size>
         <input_file_ref idref="fl-7c"/>
      </object_component>
      <object_component id="oc-6a2">
         <name>.text:MB_Transmit_Buffer</name>
         <load_address>0x10b18</load_address>
         <run_address>0x10b18</run_address>
         <size>0x48</size>
         <input_file_ref idref="fl-4"/>
      </object_component>
      <object_component id="oc-606">
         <name>.text:Perip_Init_CLK</name>
         <load_address>0x10b60</load_address>
         <run_address>0x10b60</run_address>
         <size>0x40</size>
         <input_file_ref idref="fl-6"/>
      </object_component>
      <object_component id="oc-695">
         <name>.text:MB_CRC16</name>
         <load_address>0x10ba0</load_address>
         <run_address>0x10ba0</run_address>
         <size>0x3c</size>
         <input_file_ref idref="fl-4"/>
      </object_component>
      <object_component id="oc-68f">
         <name>.text:SizeofArray</name>
         <load_address>0x10bdc</load_address>
         <run_address>0x10bdc</run_address>
         <size>0x34</size>
         <input_file_ref idref="fl-4"/>
      </object_component>
      <object_component id="oc-612">
         <name>.text:Perip_Init_UARTA</name>
         <load_address>0x10c10</load_address>
         <run_address>0x10c10</run_address>
         <size>0x32</size>
         <input_file_ref idref="fl-6"/>
      </object_component>
      <object_component id="oc-565">
         <name>.text:__mpu_init</name>
         <load_address>0x10c42</load_address>
         <run_address>0x10c42</run_address>
         <size>0x2c</size>
         <input_file_ref idref="fl-7a"/>
      </object_component>
      <object_component id="oc-59d">
         <name>.text:Perip_Init</name>
         <load_address>0x10c6e</load_address>
         <run_address>0x10c6e</run_address>
         <size>0x26</size>
         <input_file_ref idref="fl-6"/>
      </object_component>
      <object_component id="oc-553">
         <name>.text:main</name>
         <load_address>0x10c94</load_address>
         <run_address>0x10c94</run_address>
         <size>0x26</size>
         <input_file_ref idref="fl-3"/>
      </object_component>
      <object_component id="oc-4ec">
         <name>.text:decompress:ZI:__TI_zero_init_nomemset:__TI_zero_init_nomemset</name>
         <load_address>0x10cba</load_address>
         <run_address>0x10cba</run_address>
         <size>0x24</size>
         <input_file_ref idref="fl-6c"/>
      </object_component>
      <object_component id="oc-5fa">
         <name>.text:WDT_A_hold</name>
         <load_address>0x10cde</load_address>
         <run_address>0x10cde</run_address>
         <size>0x20</size>
         <input_file_ref idref="fl-29"/>
      </object_component>
      <object_component id="oc-5a3">
         <name>.text:MB_Init</name>
         <load_address>0x10cfe</load_address>
         <run_address>0x10cfe</run_address>
         <size>0x1e</size>
         <input_file_ref idref="fl-4"/>
      </object_component>
      <object_component id="oc-60c">
         <name>.text:Perip_Init_TIMA</name>
         <load_address>0x10d1c</load_address>
         <run_address>0x10d1c</run_address>
         <size>0x1a</size>
         <input_file_ref idref="fl-6"/>
      </object_component>
      <object_component id="oc-619">
         <name>.text:MB_CreateVariable</name>
         <load_address>0x10d36</load_address>
         <run_address>0x10d36</run_address>
         <size>0x14</size>
         <input_file_ref idref="fl-4"/>
      </object_component>
      <object_component id="oc-4ce">
         <name>.text:memcpy</name>
         <load_address>0x10d4a</load_address>
         <run_address>0x10d4a</run_address>
         <size>0x14</size>
         <input_file_ref idref="fl-84"/>
      </object_component>
      <object_component id="oc-647">
         <name>.text:ERASE_BUFFER</name>
         <load_address>0x10d5e</load_address>
         <run_address>0x10d5e</run_address>
         <size>0x12</size>
         <input_file_ref idref="fl-4"/>
      </object_component>
      <object_component id="oc-7f">
         <name>.text:decompress:none:__TI_decompress_none</name>
         <load_address>0x10d70</load_address>
         <run_address>0x10d70</run_address>
         <size>0x12</size>
         <input_file_ref idref="fl-51"/>
      </object_component>
      <object_component id="oc-69b">
         <name>.text:MB_CheckSlaveID</name>
         <load_address>0x10d82</load_address>
         <run_address>0x10d82</run_address>
         <size>0xe</size>
         <input_file_ref idref="fl-4"/>
      </object_component>
      <object_component id="oc-682">
         <name>.text:PMM_unlockLPM5</name>
         <load_address>0x10d90</load_address>
         <run_address>0x10d90</run_address>
         <size>0x8</size>
         <input_file_ref idref="fl-1b"/>
      </object_component>
      <object_component id="oc-5b6">
         <name>.text:abort</name>
         <load_address>0x10d98</load_address>
         <run_address>0x10d98</run_address>
         <size>0x6</size>
         <input_file_ref idref="fl-81"/>
      </object_component>
      <object_component id="oc-54d">
         <name>.text:_system_pre_init</name>
         <load_address>0x10d9e</load_address>
         <run_address>0x10d9e</run_address>
         <size>0x4</size>
         <input_file_ref idref="fl-7e"/>
      </object_component>
      <object_component id="oc-660">
         <name>.text:_system_post_cinit</name>
         <load_address>0x10da2</load_address>
         <run_address>0x10da2</run_address>
         <size>0x2</size>
         <input_file_ref idref="fl-7d"/>
      </object_component>
      <object_component id="oc-53a">
         <name>.common:timeTick</name>
         <uninitialized>true</uninitialized>
         <run_address>0x1e06</run_address>
         <size>0x4</size>
      </object_component>
      <object_component id="oc-543">
         <name>.common:MBCHECK_TimeRX</name>
         <uninitialized>true</uninitialized>
         <run_address>0x1e02</run_address>
         <size>0x4</size>
      </object_component>
      <object_component id="oc-541">
         <name>.common:RX_Counter</name>
         <uninitialized>true</uninitialized>
         <run_address>0x1e0b</run_address>
         <size>0x1</size>
      </object_component>
      <object_component id="oc-542">
         <name>.common:mb_rx</name>
         <uninitialized>true</uninitialized>
         <run_address>0x1c00</run_address>
         <size>0x101</size>
      </object_component>
      <object_component id="oc-61f">
         <name>.common:mb_tx</name>
         <uninitialized>true</uninitialized>
         <run_address>0x1d01</run_address>
         <size>0x101</size>
      </object_component>
      <object_component id="oc-53e">
         <name>.common:Flg</name>
         <uninitialized>true</uninitialized>
         <run_address>0x1e0a</run_address>
         <size>0x1</size>
      </object_component>
      <object_component id="oc-6a9">
         <name>.data</name>
         <load_address>0x1e0e</load_address>
         <run_address>0x1e0e</run_address>
         <size>0x1</size>
         <input_file_ref idref="fl-4"/>
      </object_component>
      <object_component id="oc-6f7">
         <name>.data</name>
         <load_address>0x1e0c</load_address>
         <run_address>0x1e0c</run_address>
         <size>0x2</size>
         <input_file_ref idref="fl-5"/>
      </object_component>
      <object_component id="oc-4bf">
         <name>.stack</name>
         <uninitialized>true</uninitialized>
         <run_address>0x2360</run_address>
         <size>0x4</size>
         <input_file_ref idref="fl-79"/>
      </object_component>
      <object_component id="oc-783">
         <name>.stack</name>
         <uninitialized>true</uninitialized>
         <run_address>0x2360</run_address>
         <size>0x0</size>
      </object_component>
      <object_component id="oc-85">
         <name>.int27</name>
         <load_address>0xffc6</load_address>
         <run_address>0xffc6</run_address>
         <size>0x2</size>
         <input_file_ref idref="fl-52"/>
      </object_component>
      <object_component id="oc-86">
         <name>.int28</name>
         <load_address>0xffc8</load_address>
         <run_address>0xffc8</run_address>
         <size>0x2</size>
         <input_file_ref idref="fl-54"/>
      </object_component>
      <object_component id="oc-87">
         <name>.int29</name>
         <load_address>0xffca</load_address>
         <run_address>0xffca</run_address>
         <size>0x2</size>
         <input_file_ref idref="fl-55"/>
      </object_component>
      <object_component id="oc-88">
         <name>.int30</name>
         <load_address>0xffcc</load_address>
         <run_address>0xffcc</run_address>
         <size>0x2</size>
         <input_file_ref idref="fl-56"/>
      </object_component>
      <object_component id="oc-89">
         <name>.int31</name>
         <load_address>0xffce</load_address>
         <run_address>0xffce</run_address>
         <size>0x2</size>
         <input_file_ref idref="fl-57"/>
      </object_component>
      <object_component id="oc-8a">
         <name>.int32</name>
         <load_address>0xffd0</load_address>
         <run_address>0xffd0</run_address>
         <size>0x2</size>
         <input_file_ref idref="fl-58"/>
      </object_component>
      <object_component id="oc-8b">
         <name>.int33</name>
         <load_address>0xffd2</load_address>
         <run_address>0xffd2</run_address>
         <size>0x2</size>
         <input_file_ref idref="fl-59"/>
      </object_component>
      <object_component id="oc-8c">
         <name>.int34</name>
         <load_address>0xffd4</load_address>
         <run_address>0xffd4</run_address>
         <size>0x2</size>
         <input_file_ref idref="fl-5a"/>
      </object_component>
      <object_component id="oc-8d">
         <name>.int35</name>
         <load_address>0xffd6</load_address>
         <run_address>0xffd6</run_address>
         <size>0x2</size>
         <input_file_ref idref="fl-5b"/>
      </object_component>
      <object_component id="oc-8e">
         <name>.int36</name>
         <load_address>0xffd8</load_address>
         <run_address>0xffd8</run_address>
         <size>0x2</size>
         <input_file_ref idref="fl-5c"/>
      </object_component>
      <object_component id="oc-8f">
         <name>.int37</name>
         <load_address>0xffda</load_address>
         <run_address>0xffda</run_address>
         <size>0x2</size>
         <input_file_ref idref="fl-5d"/>
      </object_component>
      <object_component id="oc-90">
         <name>.int38</name>
         <load_address>0xffdc</load_address>
         <run_address>0xffdc</run_address>
         <size>0x2</size>
         <input_file_ref idref="fl-5e"/>
      </object_component>
      <object_component id="oc-91">
         <name>.int39</name>
         <load_address>0xffde</load_address>
         <run_address>0xffde</run_address>
         <size>0x2</size>
         <input_file_ref idref="fl-5f"/>
      </object_component>
      <object_component id="oc-92">
         <name>.int40</name>
         <load_address>0xffe0</load_address>
         <run_address>0xffe0</run_address>
         <size>0x2</size>
         <input_file_ref idref="fl-60"/>
      </object_component>
      <object_component id="oc-93">
         <name>.int41</name>
         <load_address>0xffe2</load_address>
         <run_address>0xffe2</run_address>
         <size>0x2</size>
         <input_file_ref idref="fl-61"/>
      </object_component>
      <object_component id="oc-94">
         <name>.int42</name>
         <load_address>0xffe4</load_address>
         <run_address>0xffe4</run_address>
         <size>0x2</size>
         <input_file_ref idref="fl-62"/>
      </object_component>
      <object_component id="oc-95">
         <name>.int43</name>
         <load_address>0xffe6</load_address>
         <run_address>0xffe6</run_address>
         <size>0x2</size>
         <input_file_ref idref="fl-63"/>
      </object_component>
      <object_component id="oc-96">
         <name>.int44</name>
         <load_address>0xffe8</load_address>
         <run_address>0xffe8</run_address>
         <size>0x2</size>
         <input_file_ref idref="fl-2"/>
      </object_component>
      <object_component id="oc-97">
         <name>.int45</name>
         <load_address>0xffea</load_address>
         <run_address>0xffea</run_address>
         <size>0x2</size>
         <input_file_ref idref="fl-64"/>
      </object_component>
      <object_component id="oc-98">
         <name>.int46</name>
         <load_address>0xffec</load_address>
         <run_address>0xffec</run_address>
         <size>0x2</size>
         <input_file_ref idref="fl-65"/>
      </object_component>
      <object_component id="oc-99">
         <name>.int47</name>
         <load_address>0xffee</load_address>
         <run_address>0xffee</run_address>
         <size>0x2</size>
         <input_file_ref idref="fl-2"/>
      </object_component>
      <object_component id="oc-9a">
         <name>.int49</name>
         <load_address>0xfff2</load_address>
         <run_address>0xfff2</run_address>
         <size>0x2</size>
         <input_file_ref idref="fl-66"/>
      </object_component>
      <object_component id="oc-9b">
         <name>.int50</name>
         <load_address>0xfff4</load_address>
         <run_address>0xfff4</run_address>
         <size>0x2</size>
         <input_file_ref idref="fl-67"/>
      </object_component>
      <object_component id="oc-9c">
         <name>.int51</name>
         <load_address>0xfff6</load_address>
         <run_address>0xfff6</run_address>
         <size>0x2</size>
         <input_file_ref idref="fl-68"/>
      </object_component>
      <object_component id="oc-9d">
         <name>.int52</name>
         <load_address>0xfff8</load_address>
         <run_address>0xfff8</run_address>
         <size>0x2</size>
         <input_file_ref idref="fl-69"/>
      </object_component>
      <object_component id="oc-9e">
         <name>.int53</name>
         <load_address>0xfffa</load_address>
         <run_address>0xfffa</run_address>
         <size>0x2</size>
         <input_file_ref idref="fl-6a"/>
      </object_component>
      <object_component id="oc-9f">
         <name>.int54</name>
         <load_address>0xfffc</load_address>
         <run_address>0xfffc</run_address>
         <size>0x2</size>
         <input_file_ref idref="fl-6b"/>
      </object_component>
      <object_component id="oc-4c2">
         <name>.reset</name>
         <load_address>0xfffe</load_address>
         <run_address>0xfffe</run_address>
         <size>0x2</size>
         <input_file_ref idref="fl-79"/>
      </object_component>
      <object_component id="oc-53b">
         <name>.debug_info</name>
         <load_address>0x0</load_address>
         <run_address>0x0</run_address>
         <size>0x2c1</size>
         <input_file_ref idref="fl-2"/>
      </object_component>
      <object_component id="oc-4e7">
         <name>.debug_info</name>
         <load_address>0x2c1</load_address>
         <run_address>0x2c1</run_address>
         <size>0x119</size>
         <input_file_ref idref="fl-2"/>
      </object_component>
      <object_component id="oc-4e1">
         <name>.debug_info</name>
         <load_address>0x3da</load_address>
         <run_address>0x3da</run_address>
         <size>0x11d</size>
         <input_file_ref idref="fl-2"/>
      </object_component>
      <object_component id="oc-58e">
         <name>.debug_info</name>
         <load_address>0x4f7</load_address>
         <run_address>0x4f7</run_address>
         <size>0x118</size>
         <input_file_ref idref="fl-2"/>
      </object_component>
      <object_component id="oc-584">
         <name>.debug_info</name>
         <load_address>0x60f</load_address>
         <run_address>0x60f</run_address>
         <size>0x26b</size>
         <input_file_ref idref="fl-2"/>
      </object_component>
      <object_component id="oc-57a">
         <name>.debug_info</name>
         <load_address>0x87a</load_address>
         <run_address>0x87a</run_address>
         <size>0x8b</size>
         <input_file_ref idref="fl-2"/>
      </object_component>
      <object_component id="oc-5f5">
         <name>.debug_info</name>
         <load_address>0x905</load_address>
         <run_address>0x905</run_address>
         <size>0x282</size>
         <input_file_ref idref="fl-2"/>
      </object_component>
      <object_component id="oc-57f">
         <name>.debug_info</name>
         <load_address>0xb87</load_address>
         <run_address>0xb87</run_address>
         <size>0xbb</size>
         <input_file_ref idref="fl-2"/>
      </object_component>
      <object_component id="oc-593">
         <name>.debug_info</name>
         <load_address>0xc42</load_address>
         <run_address>0xc42</run_address>
         <size>0x63</size>
         <input_file_ref idref="fl-2"/>
      </object_component>
      <object_component id="oc-589">
         <name>.debug_info</name>
         <load_address>0xca5</load_address>
         <run_address>0xca5</run_address>
         <size>0x35</size>
         <input_file_ref idref="fl-2"/>
      </object_component>
      <object_component id="oc-622">
         <name>.debug_info</name>
         <load_address>0xcda</load_address>
         <run_address>0xcda</run_address>
         <size>0x270</size>
         <input_file_ref idref="fl-3"/>
      </object_component>
      <object_component id="oc-5aa">
         <name>.debug_info</name>
         <load_address>0xf4a</load_address>
         <run_address>0xf4a</run_address>
         <size>0x16e</size>
         <input_file_ref idref="fl-3"/>
      </object_component>
      <object_component id="oc-554">
         <name>.debug_info</name>
         <load_address>0x10b8</load_address>
         <run_address>0x10b8</run_address>
         <size>0x13c</size>
         <input_file_ref idref="fl-3"/>
      </object_component>
      <object_component id="oc-53f">
         <name>.debug_info</name>
         <load_address>0x11f4</load_address>
         <run_address>0x11f4</run_address>
         <size>0x328</size>
         <input_file_ref idref="fl-4"/>
      </object_component>
      <object_component id="oc-6aa">
         <name>.debug_info</name>
         <load_address>0x151c</load_address>
         <run_address>0x151c</run_address>
         <size>0xe9</size>
         <input_file_ref idref="fl-4"/>
      </object_component>
      <object_component id="oc-648">
         <name>.debug_info</name>
         <load_address>0x1605</load_address>
         <run_address>0x1605</run_address>
         <size>0x162</size>
         <input_file_ref idref="fl-4"/>
      </object_component>
      <object_component id="oc-690">
         <name>.debug_info</name>
         <load_address>0x1767</load_address>
         <run_address>0x1767</run_address>
         <size>0x15c</size>
         <input_file_ref idref="fl-4"/>
      </object_component>
      <object_component id="oc-696">
         <name>.debug_info</name>
         <load_address>0x18c3</load_address>
         <run_address>0x18c3</run_address>
         <size>0x183</size>
         <input_file_ref idref="fl-4"/>
      </object_component>
      <object_component id="oc-6a3">
         <name>.debug_info</name>
         <load_address>0x1a46</load_address>
         <run_address>0x1a46</run_address>
         <size>0x16e</size>
         <input_file_ref idref="fl-4"/>
      </object_component>
      <object_component id="oc-62a">
         <name>.debug_info</name>
         <load_address>0x1bb4</load_address>
         <run_address>0x1bb4</run_address>
         <size>0x1d7</size>
         <input_file_ref idref="fl-4"/>
      </object_component>
      <object_component id="oc-63c">
         <name>.debug_info</name>
         <load_address>0x1d8b</load_address>
         <run_address>0x1d8b</run_address>
         <size>0x1a2</size>
         <input_file_ref idref="fl-4"/>
      </object_component>
      <object_component id="oc-6ba">
         <name>.debug_info</name>
         <load_address>0x1f2d</load_address>
         <run_address>0x1f2d</run_address>
         <size>0x173</size>
         <input_file_ref idref="fl-4"/>
      </object_component>
      <object_component id="oc-636">
         <name>.debug_info</name>
         <load_address>0x20a0</load_address>
         <run_address>0x20a0</run_address>
         <size>0x1fe</size>
         <input_file_ref idref="fl-4"/>
      </object_component>
      <object_component id="oc-630">
         <name>.debug_info</name>
         <load_address>0x229e</load_address>
         <run_address>0x229e</run_address>
         <size>0x24a</size>
         <input_file_ref idref="fl-4"/>
      </object_component>
      <object_component id="oc-642">
         <name>.debug_info</name>
         <load_address>0x24e8</load_address>
         <run_address>0x24e8</run_address>
         <size>0x1ae</size>
         <input_file_ref idref="fl-4"/>
      </object_component>
      <object_component id="oc-69c">
         <name>.debug_info</name>
         <load_address>0x2696</load_address>
         <run_address>0x2696</run_address>
         <size>0x124</size>
         <input_file_ref idref="fl-4"/>
      </object_component>
      <object_component id="oc-624">
         <name>.debug_info</name>
         <load_address>0x27ba</load_address>
         <run_address>0x27ba</run_address>
         <size>0x1b1</size>
         <input_file_ref idref="fl-4"/>
      </object_component>
      <object_component id="oc-5b0">
         <name>.debug_info</name>
         <load_address>0x296b</load_address>
         <run_address>0x296b</run_address>
         <size>0x20a</size>
         <input_file_ref idref="fl-4"/>
      </object_component>
      <object_component id="oc-61a">
         <name>.debug_info</name>
         <load_address>0x2b75</load_address>
         <run_address>0x2b75</run_address>
         <size>0x155</size>
         <input_file_ref idref="fl-4"/>
      </object_component>
      <object_component id="oc-5a4">
         <name>.debug_info</name>
         <load_address>0x2cca</load_address>
         <run_address>0x2cca</run_address>
         <size>0x13d</size>
         <input_file_ref idref="fl-4"/>
      </object_component>
      <object_component id="oc-70c">
         <name>.debug_info</name>
         <load_address>0x2e07</load_address>
         <run_address>0x2e07</run_address>
         <size>0x25d</size>
         <input_file_ref idref="fl-5"/>
      </object_component>
      <object_component id="oc-6f8">
         <name>.debug_info</name>
         <load_address>0x3064</load_address>
         <run_address>0x3064</run_address>
         <size>0xf2</size>
         <input_file_ref idref="fl-5"/>
      </object_component>
      <object_component id="oc-6b0">
         <name>.debug_info</name>
         <load_address>0x3156</load_address>
         <run_address>0x3156</run_address>
         <size>0x1a5</size>
         <input_file_ref idref="fl-5"/>
      </object_component>
      <object_component id="oc-6b5">
         <name>.debug_info</name>
         <load_address>0x32fb</load_address>
         <run_address>0x32fb</run_address>
         <size>0x1ea</size>
         <input_file_ref idref="fl-5"/>
      </object_component>
      <object_component id="oc-613">
         <name>.debug_info</name>
         <load_address>0x34e5</load_address>
         <run_address>0x34e5</run_address>
         <size>0x125</size>
         <input_file_ref idref="fl-6"/>
      </object_component>
      <object_component id="oc-60d">
         <name>.debug_info</name>
         <load_address>0x360a</load_address>
         <run_address>0x360a</run_address>
         <size>0x123</size>
         <input_file_ref idref="fl-6"/>
      </object_component>
      <object_component id="oc-601">
         <name>.debug_info</name>
         <load_address>0x372d</load_address>
         <run_address>0x372d</run_address>
         <size>0x138</size>
         <input_file_ref idref="fl-6"/>
      </object_component>
      <object_component id="oc-608">
         <name>.debug_info</name>
         <load_address>0x3865</load_address>
         <run_address>0x3865</run_address>
         <size>0x121</size>
         <input_file_ref idref="fl-6"/>
      </object_component>
      <object_component id="oc-5a0">
         <name>.debug_info</name>
         <load_address>0x3986</load_address>
         <run_address>0x3986</run_address>
         <size>0x182</size>
         <input_file_ref idref="fl-6"/>
      </object_component>
      <object_component id="oc-4c9">
         <name>.debug_info</name>
         <load_address>0x3b08</load_address>
         <run_address>0x3b08</run_address>
         <size>0x84</size>
         <input_file_ref idref="fl-8"/>
      </object_component>
      <object_component id="oc-683">
         <name>.debug_info</name>
         <load_address>0x3b8c</load_address>
         <run_address>0x3b8c</run_address>
         <size>0x157</size>
         <input_file_ref idref="fl-1b"/>
      </object_component>
      <object_component id="oc-5fb">
         <name>.debug_info</name>
         <load_address>0x3ce3</load_address>
         <run_address>0x3ce3</run_address>
         <size>0x1b4</size>
         <input_file_ref idref="fl-29"/>
      </object_component>
      <object_component id="oc-52f">
         <name>.debug_info</name>
         <load_address>0x3e97</load_address>
         <run_address>0x3e97</run_address>
         <size>0x17b</size>
         <input_file_ref idref="fl-50"/>
      </object_component>
      <object_component id="oc-7b">
         <name>.debug_info</name>
         <load_address>0x4012</load_address>
         <run_address>0x4012</run_address>
         <size>0x250</size>
         <input_file_ref idref="fl-50"/>
      </object_component>
      <object_component id="oc-4c4">
         <name>.debug_info</name>
         <load_address>0x4262</load_address>
         <run_address>0x4262</run_address>
         <size>0x60</size>
         <input_file_ref idref="fl-50"/>
      </object_component>
      <object_component id="oc-56f">
         <name>.debug_info</name>
         <load_address>0x42c2</load_address>
         <run_address>0x42c2</run_address>
         <size>0x46</size>
         <input_file_ref idref="fl-50"/>
      </object_component>
      <object_component id="oc-52a">
         <name>.debug_info</name>
         <load_address>0x4308</load_address>
         <run_address>0x4308</run_address>
         <size>0x39</size>
         <input_file_ref idref="fl-50"/>
      </object_component>
      <object_component id="oc-4da">
         <name>.debug_info</name>
         <load_address>0x4341</load_address>
         <run_address>0x4341</run_address>
         <size>0x18f</size>
         <input_file_ref idref="fl-51"/>
      </object_component>
      <object_component id="oc-80">
         <name>.debug_info</name>
         <load_address>0x44d0</load_address>
         <run_address>0x44d0</run_address>
         <size>0x1d3</size>
         <input_file_ref idref="fl-51"/>
      </object_component>
      <object_component id="oc-4d5">
         <name>.debug_info</name>
         <load_address>0x46a3</load_address>
         <run_address>0x46a3</run_address>
         <size>0x46</size>
         <input_file_ref idref="fl-51"/>
      </object_component>
      <object_component id="oc-4de">
         <name>.debug_info</name>
         <load_address>0x46e9</load_address>
         <run_address>0x46e9</run_address>
         <size>0x10f</size>
         <input_file_ref idref="fl-53"/>
      </object_component>
      <object_component id="oc-54b">
         <name>.debug_info</name>
         <load_address>0x47f8</load_address>
         <run_address>0x47f8</run_address>
         <size>0x17f</size>
         <input_file_ref idref="fl-6c"/>
      </object_component>
      <object_component id="oc-4ee">
         <name>.debug_info</name>
         <load_address>0x4977</load_address>
         <run_address>0x4977</run_address>
         <size>0x1d7</size>
         <input_file_ref idref="fl-6c"/>
      </object_component>
      <object_component id="oc-546">
         <name>.debug_info</name>
         <load_address>0x4b4e</load_address>
         <run_address>0x4b4e</run_address>
         <size>0x46</size>
         <input_file_ref idref="fl-6c"/>
      </object_component>
      <object_component id="oc-4c0">
         <name>.debug_info</name>
         <load_address>0x4b94</load_address>
         <run_address>0x4b94</run_address>
         <size>0x100</size>
         <input_file_ref idref="fl-79"/>
      </object_component>
      <object_component id="oc-518">
         <name>.debug_info</name>
         <load_address>0x4c94</load_address>
         <run_address>0x4c94</run_address>
         <size>0x193</size>
         <input_file_ref idref="fl-79"/>
      </object_component>
      <object_component id="oc-567">
         <name>.debug_info</name>
         <load_address>0x4e27</load_address>
         <run_address>0x4e27</run_address>
         <size>0xf2</size>
         <input_file_ref idref="fl-7a"/>
      </object_component>
      <object_component id="oc-667">
         <name>.debug_info</name>
         <load_address>0x4f19</load_address>
         <run_address>0x4f19</run_address>
         <size>0x3fc</size>
         <input_file_ref idref="fl-7c"/>
      </object_component>
      <object_component id="oc-5db">
         <name>.debug_info</name>
         <load_address>0x5315</load_address>
         <run_address>0x5315</run_address>
         <size>0x230</size>
         <input_file_ref idref="fl-7c"/>
      </object_component>
      <object_component id="oc-6da">
         <name>.debug_info</name>
         <load_address>0x5545</load_address>
         <run_address>0x5545</run_address>
         <size>0x39</size>
         <input_file_ref idref="fl-7c"/>
      </object_component>
      <object_component id="oc-6eb">
         <name>.debug_info</name>
         <load_address>0x557e</load_address>
         <run_address>0x557e</run_address>
         <size>0x2c</size>
         <input_file_ref idref="fl-7c"/>
      </object_component>
      <object_component id="oc-672">
         <name>.debug_info</name>
         <load_address>0x55aa</load_address>
         <run_address>0x55aa</run_address>
         <size>0x2c</size>
         <input_file_ref idref="fl-7c"/>
      </object_component>
      <object_component id="oc-6df">
         <name>.debug_info</name>
         <load_address>0x55d6</load_address>
         <run_address>0x55d6</run_address>
         <size>0xcd</size>
         <input_file_ref idref="fl-7c"/>
      </object_component>
      <object_component id="oc-661">
         <name>.debug_info</name>
         <load_address>0x56a3</load_address>
         <run_address>0x56a3</run_address>
         <size>0x150</size>
         <input_file_ref idref="fl-7d"/>
      </object_component>
      <object_component id="oc-550">
         <name>.debug_info</name>
         <load_address>0x57f3</load_address>
         <run_address>0x57f3</run_address>
         <size>0x153</size>
         <input_file_ref idref="fl-7e"/>
      </object_component>
      <object_component id="oc-532">
         <name>.debug_info</name>
         <load_address>0x5946</load_address>
         <run_address>0x5946</run_address>
         <size>0x2c</size>
         <input_file_ref idref="fl-7f"/>
      </object_component>
      <object_component id="oc-5b8">
         <name>.debug_info</name>
         <load_address>0x5972</load_address>
         <run_address>0x5972</run_address>
         <size>0x122</size>
         <input_file_ref idref="fl-81"/>
      </object_component>
      <object_component id="oc-531">
         <name>.debug_info</name>
         <load_address>0x5a94</load_address>
         <run_address>0x5a94</run_address>
         <size>0x19a</size>
         <input_file_ref idref="fl-84"/>
      </object_component>
      <object_component id="oc-4d0">
         <name>.debug_info</name>
         <load_address>0x5c2e</load_address>
         <run_address>0x5c2e</run_address>
         <size>0x17a</size>
         <input_file_ref idref="fl-84"/>
      </object_component>
      <object_component id="oc-785">
         <name>.debug_info</name>
         <load_address>0x5da8</load_address>
         <run_address>0x5da8</run_address>
         <size>0xa5</size>
      </object_component>
      <object_component id="oc-579">
         <name>.debug_line</name>
         <load_address>0x0</load_address>
         <run_address>0x0</run_address>
         <size>0x90</size>
         <input_file_ref idref="fl-2"/>
      </object_component>
      <object_component id="oc-4eb">
         <name>.debug_line</name>
         <load_address>0x90</load_address>
         <run_address>0x90</run_address>
         <size>0x4f</size>
         <input_file_ref idref="fl-2"/>
      </object_component>
      <object_component id="oc-4e5">
         <name>.debug_line</name>
         <load_address>0xdf</load_address>
         <run_address>0xdf</run_address>
         <size>0x49</size>
         <input_file_ref idref="fl-2"/>
      </object_component>
      <object_component id="oc-591">
         <name>.debug_line</name>
         <load_address>0x128</load_address>
         <run_address>0x128</run_address>
         <size>0x2f</size>
         <input_file_ref idref="fl-2"/>
      </object_component>
      <object_component id="oc-587">
         <name>.debug_line</name>
         <load_address>0x157</load_address>
         <run_address>0x157</run_address>
         <size>0x72</size>
         <input_file_ref idref="fl-2"/>
      </object_component>
      <object_component id="oc-57d">
         <name>.debug_line</name>
         <load_address>0x1c9</load_address>
         <run_address>0x1c9</run_address>
         <size>0x20</size>
         <input_file_ref idref="fl-2"/>
      </object_component>
      <object_component id="oc-5f8">
         <name>.debug_line</name>
         <load_address>0x1e9</load_address>
         <run_address>0x1e9</run_address>
         <size>0x76</size>
         <input_file_ref idref="fl-2"/>
      </object_component>
      <object_component id="oc-582">
         <name>.debug_line</name>
         <load_address>0x25f</load_address>
         <run_address>0x25f</run_address>
         <size>0x73</size>
         <input_file_ref idref="fl-2"/>
      </object_component>
      <object_component id="oc-596">
         <name>.debug_line</name>
         <load_address>0x2d2</load_address>
         <run_address>0x2d2</run_address>
         <size>0x32</size>
         <input_file_ref idref="fl-2"/>
      </object_component>
      <object_component id="oc-58c">
         <name>.debug_line</name>
         <load_address>0x304</load_address>
         <run_address>0x304</run_address>
         <size>0x77</size>
         <input_file_ref idref="fl-2"/>
      </object_component>
      <object_component id="oc-68e">
         <name>.debug_line</name>
         <load_address>0x37b</load_address>
         <run_address>0x37b</run_address>
         <size>0x55</size>
         <input_file_ref idref="fl-3"/>
      </object_component>
      <object_component id="oc-5ad">
         <name>.debug_line</name>
         <load_address>0x3d0</load_address>
         <run_address>0x3d0</run_address>
         <size>0x57</size>
         <input_file_ref idref="fl-3"/>
      </object_component>
      <object_component id="oc-557">
         <name>.debug_line</name>
         <load_address>0x427</load_address>
         <run_address>0x427</run_address>
         <size>0x4a</size>
         <input_file_ref idref="fl-3"/>
      </object_component>
      <object_component id="oc-599">
         <name>.debug_line</name>
         <load_address>0x471</load_address>
         <run_address>0x471</run_address>
         <size>0x87</size>
         <input_file_ref idref="fl-4"/>
      </object_component>
      <object_component id="oc-6f6">
         <name>.debug_line</name>
         <load_address>0x4f8</load_address>
         <run_address>0x4f8</run_address>
         <size>0x32</size>
         <input_file_ref idref="fl-4"/>
      </object_component>
      <object_component id="oc-64b">
         <name>.debug_line</name>
         <load_address>0x52a</load_address>
         <run_address>0x52a</run_address>
         <size>0x4f</size>
         <input_file_ref idref="fl-4"/>
      </object_component>
      <object_component id="oc-694">
         <name>.debug_line</name>
         <load_address>0x579</load_address>
         <run_address>0x579</run_address>
         <size>0x58</size>
         <input_file_ref idref="fl-4"/>
      </object_component>
      <object_component id="oc-699">
         <name>.debug_line</name>
         <load_address>0x5d1</load_address>
         <run_address>0x5d1</run_address>
         <size>0x62</size>
         <input_file_ref idref="fl-4"/>
      </object_component>
      <object_component id="oc-6a6">
         <name>.debug_line</name>
         <load_address>0x633</load_address>
         <run_address>0x633</run_address>
         <size>0x58</size>
         <input_file_ref idref="fl-4"/>
      </object_component>
      <object_component id="oc-62d">
         <name>.debug_line</name>
         <load_address>0x68b</load_address>
         <run_address>0x68b</run_address>
         <size>0x56</size>
         <input_file_ref idref="fl-4"/>
      </object_component>
      <object_component id="oc-63f">
         <name>.debug_line</name>
         <load_address>0x6e1</load_address>
         <run_address>0x6e1</run_address>
         <size>0x58</size>
         <input_file_ref idref="fl-4"/>
      </object_component>
      <object_component id="oc-6bd">
         <name>.debug_line</name>
         <load_address>0x739</load_address>
         <run_address>0x739</run_address>
         <size>0x52</size>
         <input_file_ref idref="fl-4"/>
      </object_component>
      <object_component id="oc-639">
         <name>.debug_line</name>
         <load_address>0x78b</load_address>
         <run_address>0x78b</run_address>
         <size>0x6f</size>
         <input_file_ref idref="fl-4"/>
      </object_component>
      <object_component id="oc-633">
         <name>.debug_line</name>
         <load_address>0x7fa</load_address>
         <run_address>0x7fa</run_address>
         <size>0x68</size>
         <input_file_ref idref="fl-4"/>
      </object_component>
      <object_component id="oc-645">
         <name>.debug_line</name>
         <load_address>0x862</load_address>
         <run_address>0x862</run_address>
         <size>0x58</size>
         <input_file_ref idref="fl-4"/>
      </object_component>
      <object_component id="oc-69f">
         <name>.debug_line</name>
         <load_address>0x8ba</load_address>
         <run_address>0x8ba</run_address>
         <size>0x48</size>
         <input_file_ref idref="fl-4"/>
      </object_component>
      <object_component id="oc-627">
         <name>.debug_line</name>
         <load_address>0x902</load_address>
         <run_address>0x902</run_address>
         <size>0x57</size>
         <input_file_ref idref="fl-4"/>
      </object_component>
      <object_component id="oc-5b3">
         <name>.debug_line</name>
         <load_address>0x959</load_address>
         <run_address>0x959</run_address>
         <size>0x6e</size>
         <input_file_ref idref="fl-4"/>
      </object_component>
      <object_component id="oc-61d">
         <name>.debug_line</name>
         <load_address>0x9c7</load_address>
         <run_address>0x9c7</run_address>
         <size>0x49</size>
         <input_file_ref idref="fl-4"/>
      </object_component>
      <object_component id="oc-5a7">
         <name>.debug_line</name>
         <load_address>0xa10</load_address>
         <run_address>0xa10</run_address>
         <size>0x48</size>
         <input_file_ref idref="fl-4"/>
      </object_component>
      <object_component id="oc-70e">
         <name>.debug_line</name>
         <load_address>0xa58</load_address>
         <run_address>0xa58</run_address>
         <size>0x4b</size>
         <input_file_ref idref="fl-5"/>
      </object_component>
      <object_component id="oc-70b">
         <name>.debug_line</name>
         <load_address>0xaa3</load_address>
         <run_address>0xaa3</run_address>
         <size>0x39</size>
         <input_file_ref idref="fl-5"/>
      </object_component>
      <object_component id="oc-6af">
         <name>.debug_line</name>
         <load_address>0xadc</load_address>
         <run_address>0xadc</run_address>
         <size>0xb2</size>
         <input_file_ref idref="fl-5"/>
      </object_component>
      <object_component id="oc-6b7">
         <name>.debug_line</name>
         <load_address>0xb8e</load_address>
         <run_address>0xb8e</run_address>
         <size>0x177</size>
         <input_file_ref idref="fl-5"/>
      </object_component>
      <object_component id="oc-616">
         <name>.debug_line</name>
         <load_address>0xd05</load_address>
         <run_address>0xd05</run_address>
         <size>0x50</size>
         <input_file_ref idref="fl-6"/>
      </object_component>
      <object_component id="oc-610">
         <name>.debug_line</name>
         <load_address>0xd55</load_address>
         <run_address>0xd55</run_address>
         <size>0x4c</size>
         <input_file_ref idref="fl-6"/>
      </object_component>
      <object_component id="oc-604">
         <name>.debug_line</name>
         <load_address>0xda1</load_address>
         <run_address>0xda1</run_address>
         <size>0x61</size>
         <input_file_ref idref="fl-6"/>
      </object_component>
      <object_component id="oc-607">
         <name>.debug_line</name>
         <load_address>0xe02</load_address>
         <run_address>0xe02</run_address>
         <size>0x58</size>
         <input_file_ref idref="fl-6"/>
      </object_component>
      <object_component id="oc-59e">
         <name>.debug_line</name>
         <load_address>0xe5a</load_address>
         <run_address>0xe5a</run_address>
         <size>0x4d</size>
         <input_file_ref idref="fl-6"/>
      </object_component>
      <object_component id="oc-4cc">
         <name>.debug_line</name>
         <load_address>0xea7</load_address>
         <run_address>0xea7</run_address>
         <size>0x20</size>
         <input_file_ref idref="fl-8"/>
      </object_component>
      <object_component id="oc-686">
         <name>.debug_line</name>
         <load_address>0xec7</load_address>
         <run_address>0xec7</run_address>
         <size>0x5c</size>
         <input_file_ref idref="fl-1b"/>
      </object_component>
      <object_component id="oc-5fe">
         <name>.debug_line</name>
         <load_address>0xf23</load_address>
         <run_address>0xf23</run_address>
         <size>0x5e</size>
         <input_file_ref idref="fl-29"/>
      </object_component>
      <object_component id="oc-575">
         <name>.debug_line</name>
         <load_address>0xf81</load_address>
         <run_address>0xf81</run_address>
         <size>0x20</size>
         <input_file_ref idref="fl-50"/>
      </object_component>
      <object_component id="oc-7a">
         <name>.debug_line</name>
         <load_address>0xfa1</load_address>
         <run_address>0xfa1</run_address>
         <size>0x99</size>
         <input_file_ref idref="fl-50"/>
      </object_component>
      <object_component id="oc-4c7">
         <name>.debug_line</name>
         <load_address>0x103a</load_address>
         <run_address>0x103a</run_address>
         <size>0x3a</size>
         <input_file_ref idref="fl-50"/>
      </object_component>
      <object_component id="oc-572">
         <name>.debug_line</name>
         <load_address>0x1074</load_address>
         <run_address>0x1074</run_address>
         <size>0x9a</size>
         <input_file_ref idref="fl-50"/>
      </object_component>
      <object_component id="oc-52d">
         <name>.debug_line</name>
         <load_address>0x110e</load_address>
         <run_address>0x110e</run_address>
         <size>0x96</size>
         <input_file_ref idref="fl-50"/>
      </object_component>
      <object_component id="oc-538">
         <name>.debug_line</name>
         <load_address>0x11a4</load_address>
         <run_address>0x11a4</run_address>
         <size>0x20</size>
         <input_file_ref idref="fl-51"/>
      </object_component>
      <object_component id="oc-84">
         <name>.debug_line</name>
         <load_address>0x11c4</load_address>
         <run_address>0x11c4</run_address>
         <size>0x50</size>
         <input_file_ref idref="fl-51"/>
      </object_component>
      <object_component id="oc-4d8">
         <name>.debug_line</name>
         <load_address>0x1214</load_address>
         <run_address>0x1214</run_address>
         <size>0x3a</size>
         <input_file_ref idref="fl-51"/>
      </object_component>
      <object_component id="oc-4dd">
         <name>.debug_line</name>
         <load_address>0x124e</load_address>
         <run_address>0x124e</run_address>
         <size>0x3d</size>
         <input_file_ref idref="fl-53"/>
      </object_component>
      <object_component id="oc-59b">
         <name>.debug_line</name>
         <load_address>0x128b</load_address>
         <run_address>0x128b</run_address>
         <size>0x20</size>
         <input_file_ref idref="fl-6c"/>
      </object_component>
      <object_component id="oc-4f1">
         <name>.debug_line</name>
         <load_address>0x12ab</load_address>
         <run_address>0x12ab</run_address>
         <size>0x4f</size>
         <input_file_ref idref="fl-6c"/>
      </object_component>
      <object_component id="oc-549">
         <name>.debug_line</name>
         <load_address>0x12fa</load_address>
         <run_address>0x12fa</run_address>
         <size>0x34</size>
         <input_file_ref idref="fl-6c"/>
      </object_component>
      <object_component id="oc-529">
         <name>.debug_line</name>
         <load_address>0x132e</load_address>
         <run_address>0x132e</run_address>
         <size>0x2a</size>
         <input_file_ref idref="fl-79"/>
      </object_component>
      <object_component id="oc-51b">
         <name>.debug_line</name>
         <load_address>0x1358</load_address>
         <run_address>0x1358</run_address>
         <size>0x4b</size>
         <input_file_ref idref="fl-79"/>
      </object_component>
      <object_component id="oc-566">
         <name>.debug_line</name>
         <load_address>0x13a3</load_address>
         <run_address>0x13a3</run_address>
         <size>0x45</size>
         <input_file_ref idref="fl-7a"/>
      </object_component>
      <object_component id="oc-6d9">
         <name>.debug_line</name>
         <load_address>0x13e8</load_address>
         <run_address>0x13e8</run_address>
         <size>0xbf</size>
         <input_file_ref idref="fl-7c"/>
      </object_component>
      <object_component id="oc-5de">
         <name>.debug_line</name>
         <load_address>0x14a7</load_address>
         <run_address>0x14a7</run_address>
         <size>0x80</size>
         <input_file_ref idref="fl-7c"/>
      </object_component>
      <object_component id="oc-6dd">
         <name>.debug_line</name>
         <load_address>0x1527</load_address>
         <run_address>0x1527</run_address>
         <size>0x2e</size>
         <input_file_ref idref="fl-7c"/>
      </object_component>
      <object_component id="oc-6ee">
         <name>.debug_line</name>
         <load_address>0x1555</load_address>
         <run_address>0x1555</run_address>
         <size>0x9a</size>
         <input_file_ref idref="fl-7c"/>
      </object_component>
      <object_component id="oc-675">
         <name>.debug_line</name>
         <load_address>0x15ef</load_address>
         <run_address>0x15ef</run_address>
         <size>0x97</size>
         <input_file_ref idref="fl-7c"/>
      </object_component>
      <object_component id="oc-6e2">
         <name>.debug_line</name>
         <load_address>0x1686</load_address>
         <run_address>0x1686</run_address>
         <size>0x93</size>
         <input_file_ref idref="fl-7c"/>
      </object_component>
      <object_component id="oc-664">
         <name>.debug_line</name>
         <load_address>0x1719</load_address>
         <run_address>0x1719</run_address>
         <size>0x3a</size>
         <input_file_ref idref="fl-7d"/>
      </object_component>
      <object_component id="oc-552">
         <name>.debug_line</name>
         <load_address>0x1753</load_address>
         <run_address>0x1753</run_address>
         <size>0x3e</size>
         <input_file_ref idref="fl-7e"/>
      </object_component>
      <object_component id="oc-535">
         <name>.debug_line</name>
         <load_address>0x1791</load_address>
         <run_address>0x1791</run_address>
         <size>0x92</size>
         <input_file_ref idref="fl-7f"/>
      </object_component>
      <object_component id="oc-5b7">
         <name>.debug_line</name>
         <load_address>0x1823</load_address>
         <run_address>0x1823</run_address>
         <size>0x3d</size>
         <input_file_ref idref="fl-81"/>
      </object_component>
      <object_component id="oc-577">
         <name>.debug_line</name>
         <load_address>0x1860</load_address>
         <run_address>0x1860</run_address>
         <size>0x20</size>
         <input_file_ref idref="fl-84"/>
      </object_component>
      <object_component id="oc-4cf">
         <name>.debug_line</name>
         <load_address>0x1880</load_address>
         <run_address>0x1880</run_address>
         <size>0x42</size>
         <input_file_ref idref="fl-84"/>
      </object_component>
      <object_component id="oc-4ea">
         <name>.debug_frame</name>
         <load_address>0x0</load_address>
         <run_address>0x0</run_address>
         <size>0x44</size>
         <input_file_ref idref="fl-2"/>
      </object_component>
      <object_component id="oc-4e4">
         <name>.debug_frame</name>
         <load_address>0x44</load_address>
         <run_address>0x44</run_address>
         <size>0x3c</size>
         <input_file_ref idref="fl-2"/>
      </object_component>
      <object_component id="oc-5ae">
         <name>.debug_frame</name>
         <load_address>0x80</load_address>
         <run_address>0x80</run_address>
         <size>0x3c</size>
         <input_file_ref idref="fl-3"/>
      </object_component>
      <object_component id="oc-558">
         <name>.debug_frame</name>
         <load_address>0xbc</load_address>
         <run_address>0xbc</run_address>
         <size>0x3c</size>
         <input_file_ref idref="fl-3"/>
      </object_component>
      <object_component id="oc-64c">
         <name>.debug_frame</name>
         <load_address>0xf8</load_address>
         <run_address>0xf8</run_address>
         <size>0x3c</size>
         <input_file_ref idref="fl-4"/>
      </object_component>
      <object_component id="oc-693">
         <name>.debug_frame</name>
         <load_address>0x134</load_address>
         <run_address>0x134</run_address>
         <size>0x3c</size>
         <input_file_ref idref="fl-4"/>
      </object_component>
      <object_component id="oc-69a">
         <name>.debug_frame</name>
         <load_address>0x170</load_address>
         <run_address>0x170</run_address>
         <size>0x3c</size>
         <input_file_ref idref="fl-4"/>
      </object_component>
      <object_component id="oc-6a7">
         <name>.debug_frame</name>
         <load_address>0x1ac</load_address>
         <run_address>0x1ac</run_address>
         <size>0x3c</size>
         <input_file_ref idref="fl-4"/>
      </object_component>
      <object_component id="oc-62e">
         <name>.debug_frame</name>
         <load_address>0x1e8</load_address>
         <run_address>0x1e8</run_address>
         <size>0x40</size>
         <input_file_ref idref="fl-4"/>
      </object_component>
      <object_component id="oc-640">
         <name>.debug_frame</name>
         <load_address>0x228</load_address>
         <run_address>0x228</run_address>
         <size>0x3c</size>
         <input_file_ref idref="fl-4"/>
      </object_component>
      <object_component id="oc-6be">
         <name>.debug_frame</name>
         <load_address>0x264</load_address>
         <run_address>0x264</run_address>
         <size>0x3c</size>
         <input_file_ref idref="fl-4"/>
      </object_component>
      <object_component id="oc-63a">
         <name>.debug_frame</name>
         <load_address>0x2a0</load_address>
[...]
         <name>UCB0I2CSA_L</name>
         <value>0x660</value>
      </symbol>
      <symbol id="sm-3de">
         <name>UCB0I2CSA_H</name>
         <value>0x661</value>
      </symbol>
      <symbol id="sm-3df">
         <name>UCB0IE</name>
         <value>0x66a</value>
      </symbol>
      <symbol id="sm-3e0">
         <name>UCB0IE_L</name>
         <value>0x66a</value>
      </symbol>
      <symbol id="sm-3e1">
         <name>UCB0IE_H</name>
         <value>0x66b</value>
      </symbol>
      <symbol id="sm-3e2">
         <name>UCB0IFG</name>
         <value>0x66c</value>
      </symbol>
      <symbol id="sm-3e3">
         <name>UCB0IFG_L</name>
         <value>0x66c</value>
      </symbol>
      <symbol id="sm-3e4">
         <name>UCB0IFG_H</name>
         <value>0x66d</value>
      </symbol>
      <symbol id="sm-3e5">
         <name>UCB0IV</name>
         <value>0x66e</value>
      </symbol>
      <symbol id="sm-3e6">
         <name>UCB1CTLW0</name>
         <value>0x680</value>
      </symbol>
      <symbol id="sm-3e7">
         <name>UCB1CTLW0_L</name>
         <value>0x680</value>
      </symbol>
      <symbol id="sm-3e8">
         <name>UCB1CTLW0_H</name>
         <value>0x681</value>
      </symbol>
      <symbol id="sm-3e9">
         <name>UCB1CTLW1</name>
         <value>0x682</value>
      </symbol>
      <symbol id="sm-3ea">
         <name>UCB1CTLW1_L</name>
         <value>0x682</value>
      </symbol>
      <symbol id="sm-3eb">
         <name>UCB1CTLW1_H</name>
         <value>0x683</value>
      </symbol>
      <symbol id="sm-3ec">
         <name>UCB1BRW</name>
         <value>0x686</value>
      </symbol>
      <symbol id="sm-3ed">
         <name>UCB1BRW_L</name>
         <value>0x686</value>
      </symbol>
      <symbol id="sm-3ee">
         <name>UCB1BRW_H</name>
         <value>0x687</value>
      </symbol>
      <symbol id="sm-3ef">
         <name>UCB1STATW</name>
         <value>0x688</value>
      </symbol>
      <symbol id="sm-3f0">
         <name>UCB1STATW_L</name>
         <value>0x688</value>
      </symbol>
      <symbol id="sm-3f1">
         <name>UCB1STATW_H</name>
         <value>0x689</value>
      </symbol>
      <symbol id="sm-3f2">
         <name>UCB1TBCNT</name>
         <value>0x68a</value>
      </symbol>
      <symbol id="sm-3f3">
         <name>UCB1TBCNT_L</name>
         <value>0x68a</value>
      </symbol>
      <symbol id="sm-3f4">
         <name>UCB1TBCNT_H</name>
         <value>0x68b</value>
      </symbol>
      <symbol id="sm-3f5">
         <name>UCB1RXBUF</name>
         <value>0x68c</value>
      </symbol>
      <symbol id="sm-3f6">
         <name>UCB1RXBUF_L</name>
         <value>0x68c</value>
      </symbol>
      <symbol id="sm-3f7">
         <name>UCB1RXBUF_H</name>
         <value>0x68d</value>
      </symbol>
      <symbol id="sm-3f8">
         <name>UCB1TXBUF</name>
         <value>0x68e</value>
      </symbol>
      <symbol id="sm-3f9">
         <name>UCB1TXBUF_L</name>
         <value>0x68e</value>
      </symbol>
      <symbol id="sm-3fa">
         <name>UCB1TXBUF_H</name>
         <value>0x68f</value>
      </symbol>
      <symbol id="sm-3fb">
         <name>UCB1I2COA0</name>
         <value>0x694</value>
      </symbol>
      <symbol id="sm-3fc">
         <name>UCB1I2COA0_L</name>
         <value>0x694</value>
      </symbol>
      <symbol id="sm-3fd">
         <name>UCB1I2COA0_H</name>
         <value>0x695</value>
      </symbol>
      <symbol id="sm-3fe">
         <name>UCB1I2COA1</name>
         <value>0x696</value>
      </symbol>
      <symbol id="sm-3ff">
         <name>UCB1I2COA1_L</name>
         <value>0x696</value>
      </symbol>
      <symbol id="sm-400">
         <name>UCB1I2COA1_H</name>
         <value>0x697</value>
      </symbol>
      <symbol id="sm-401">
         <name>UCB1I2COA2</name>
         <value>0x698</value>
      </symbol>
      <symbol id="sm-402">
         <name>UCB1I2COA2_L</name>
         <value>0x698</value>
      </symbol>
      <symbol id="sm-403">
         <name>UCB1I2COA2_H</name>
         <value>0x699</value>
      </symbol>
      <symbol id="sm-404">
         <name>UCB1I2COA3</name>
         <value>0x69a</value>
      </symbol>
      <symbol id="sm-405">
         <name>UCB1I2COA3_L</name>
         <value>0x69a</value>
      </symbol>
      <symbol id="sm-406">
         <name>UCB1I2COA3_H</name>
         <value>0x69b</value>
      </symbol>
      <symbol id="sm-407">
         <name>UCB1ADDRX</name>
         <value>0x69c</value>
      </symbol>
      <symbol id="sm-408">
         <name>UCB1ADDRX_L</name>
         <value>0x69c</value>
      </symbol>
      <symbol id="sm-409">
         <name>UCB1ADDRX_H</name>
         <value>0x69d</value>
      </symbol>
      <symbol id="sm-40a">
         <name>UCB1ADDMASK</name>
         <value>0x69e</value>
      </symbol>
      <symbol id="sm-40b">
         <name>UCB1ADDMASK_L</name>
         <value>0x69e</value>
      </symbol>
      <symbol id="sm-40c">
         <name>UCB1ADDMASK_H</name>
         <value>0x69f</value>
      </symbol>
      <symbol id="sm-40d">
         <name>UCB1I2CSA</name>
         <value>0x6a0</value>
      </symbol>
      <symbol id="sm-40e">
         <name>UCB1I2CSA_L</name>
         <value>0x6a0</value>
      </symbol>
      <symbol id="sm-40f">
         <name>UCB1I2CSA_H</name>
         <value>0x6a1</value>
      </symbol>
      <symbol id="sm-410">
         <name>UCB1IE</name>
         <value>0x6aa</value>
      </symbol>
      <symbol id="sm-411">
         <name>UCB1IE_L</name>
         <value>0x6aa</value>
      </symbol>
      <symbol id="sm-412">
         <name>UCB1IE_H</name>
         <value>0x6ab</value>
      </symbol>
      <symbol id="sm-413">
         <name>UCB1IFG</name>
         <value>0x6ac</value>
      </symbol>
      <symbol id="sm-414">
         <name>UCB1IFG_L</name>
         <value>0x6ac</value>
      </symbol>
      <symbol id="sm-415">
         <name>UCB1IFG_H</name>
         <value>0x6ad</value>
      </symbol>
      <symbol id="sm-416">
         <name>UCB1IV</name>
         <value>0x6ae</value>
      </symbol>
      <symbol id="sm-417">
         <name>WDTCTL</name>
         <value>0x15c</value>
      </symbol>
      <symbol id="sm-418">
         <name>WDTCTL_L</name>
         <value>0x15c</value>
      </symbol>
      <symbol id="sm-419">
         <name>WDTCTL_H</name>
         <value>0x15d</value>
      </symbol>
      <symbol id="sm-41a">
         <name>fram_rw_start</name>
         <value>0x4400</value>
      </symbol>
      <symbol id="sm-41b">
         <name>fram_ipe_start</name>
         <value>0x4400</value>
      </symbol>
      <symbol id="sm-41c">
         <name>fram_ipe_end</name>
         <value>0x4400</value>
      </symbol>
      <symbol id="sm-41d">
         <name>fram_rx_start</name>
         <value>0x4400</value>
      </symbol>
      <symbol id="sm-41e">
         <name>__TI_CINIT_Base</name>
         <value>0x44a2</value>
      </symbol>
      <symbol id="sm-41f">
         <name>__TI_CINIT_Limit</name>
         <value>0x44b2</value>
      </symbol>
      <symbol id="sm-420">
         <name>__TI_Handler_Table_Base</name>
         <value>0x4488</value>
      </symbol>
      <symbol id="sm-421">
         <name>__TI_Handler_Table_Limit</name>
         <value>0x4494</value>
      </symbol>
      <symbol id="sm-422">
         <name>__STACK_SIZE</name>
         <value>0xa0</value>
      </symbol>
      <symbol id="sm-423">
         <name>__STACK_END</name>
         <value>0x2400</value>
      </symbol>
      <symbol id="sm-424">
         <name>__c_args__</name>
         <value>0xffffffff</value>
      </symbol>
      <symbol id="sm-425">
         <name>__TI_pprof_out_hndl</name>
         <value>0xffffffff</value>
      </symbol>
      <symbol id="sm-426">
         <name>__TI_prof_data_start</name>
         <value>0xffffffff</value>
      </symbol>
      <symbol id="sm-427">
         <name>__TI_prof_data_size</name>
         <value>0xffffffff</value>
      </symbol>
      <symbol id="sm-4c0">
         <name>timeTick</name>
         <value>0x1e06</value>
      </symbol>
      <symbol id="sm-4c1">
         <name>MBCHECK_TimeRX</name>
         <value>0x1e02</value>
      </symbol>
      <symbol id="sm-4c2">
         <name>RX_Counter</name>
         <value>0x1e0b</value>
      </symbol>
      <symbol id="sm-4c3">
         <name>__TI_int47</name>
         <value>0xffee</value>
         <object_component_ref idref="oc-99"/>
      </symbol>
      <symbol id="sm-4c4">
         <name>__TI_int44</name>
         <value>0xffe8</value>
         <object_component_ref idref="oc-96"/>
      </symbol>
      <symbol id="sm-4c5">
         <name>USCI_A0_ISR</name>
         <value>0x4400</value>
         <object_component_ref idref="oc-4e6"/>
      </symbol>
      <symbol id="sm-4c6">
         <name>Timer0_A0_ISR</name>
         <value>0x446c</value>
         <object_component_ref idref="oc-4e0"/>
      </symbol>
      <symbol id="sm-4e1">
         <name>IsTimeEllapsed</name>
         <value>0x1080c</value>
         <object_component_ref idref="oc-5a9"/>
      </symbol>
      <symbol id="sm-4e2">
         <name>main</name>
         <value>0x10c94</value>
         <object_component_ref idref="oc-553"/>
      </symbol>
      <symbol id="sm-57e">
         <name>mb_rx</name>
         <value>0x1c00</value>
      </symbol>
      <symbol id="sm-57f">
         <name>mb_tx</name>
         <value>0x1d01</value>
      </symbol>
      <symbol id="sm-580">
         <name>Flg</name>
         <value>0x1e0a</value>
      </symbol>
      <symbol id="sm-581">
         <name>mb_data_counter</name>
         <value>0x1e0e</value>
         <object_component_ref idref="oc-6a9"/>
      </symbol>
      <symbol id="sm-582">
         <name>MB_Request_Task</name>
         <value>0x106d0</value>
         <object_component_ref idref="oc-5af"/>
      </symbol>
      <symbol id="sm-583">
         <name>WriteMultiple_RegisterHandler</name>
         <value>0x10544</value>
         <object_component_ref idref="oc-635"/>
      </symbol>
      <symbol id="sm-584">
         <name>MB_CreateVariable</name>
         <value>0x10d36</value>
         <object_component_ref idref="oc-619"/>
      </symbol>
      <symbol id="sm-585">
         <name>ReadHolding_RegisterHandler</name>
         <value>0x109e6</value>
         <object_component_ref idref="oc-641"/>
      </symbol>
      <symbol id="sm-586">
         <name>MB_Responce_Task</name>
         <value>0x10888</value>
         <object_component_ref idref="oc-6b9"/>
      </symbol>
      <symbol id="sm-587">
         <name>MB_CRC16</name>
         <value>0x10ba0</value>
         <object_component_ref idref="oc-695"/>
      </symbol>
      <symbol id="sm-588">
         <name>ReadWriteMultiple_RegisterHandler</name>
         <value>0x1043a</value>
         <object_component_ref idref="oc-62f"/>
      </symbol>
      <symbol id="sm-589">
         <name>WriteSingle_RegisterHandler</name>
         <value>0x10a56</value>
         <object_component_ref idref="oc-63b"/>
      </symbol>
      <symbol id="sm-58a">
         <name>MB_Transmit_Buffer</name>
         <value>0x10b18</value>
         <object_component_ref idref="oc-6a2"/>
      </symbol>
      <symbol id="sm-58b">
         <name>MB_Init</name>
         <value>0x10cfe</value>
         <object_component_ref idref="oc-5a3"/>
      </symbol>
      <symbol id="sm-58c">
         <name>MB_ErrorHandler</name>
         <value>0x10774</value>
         <object_component_ref idref="oc-629"/>
      </symbol>
      <symbol id="sm-58d">
         <name>MB_Check_RXBuffer_Complete</name>
         <value>0x10976</value>
         <object_component_ref idref="oc-623"/>
      </symbol>
      <symbol id="sm-58e">
         <name>SizeofArray</name>
         <value>0x10bdc</value>
         <object_component_ref idref="oc-68f"/>
      </symbol>
      <symbol id="sm-58f">
         <name>MB_CheckSlaveID</name>
         <value>0x10d82</value>
         <object_component_ref idref="oc-69b"/>
      </symbol>
      <symbol id="sm-590">
         <name>ERASE_BUFFER</name>
         <value>0x10d5e</value>
         <object_component_ref idref="oc-647"/>
      </symbol>
      <symbol id="sm-5d7">
         <name>MB_Write_Responce</name>
         <value>0x10322</value>
         <object_component_ref idref="oc-6ac"/>
      </symbol>
      <symbol id="sm-5d8">
         <name>MB_Read_Responce</name>
         <value>0x10000</value>
         <object_component_ref idref="oc-6b2"/>
      </symbol>
      <symbol id="sm-5d9">
         <name>check_writevalue</name>
         <value>0x1e0c</value>
         <object_component_ref idref="oc-6f7"/>
      </symbol>
      <symbol id="sm-5ff">
         <name>Perip_Init</name>
         <value>0x10c6e</value>
         <object_component_ref idref="oc-59d"/>
      </symbol>
      <symbol id="sm-600">
         <name>Perip_Init_GPIO</name>
         <value>0x10622</value>
         <object_component_ref idref="oc-600"/>
      </symbol>
      <symbol id="sm-601">
         <name>Perip_Init_TIMA</name>
         <value>0x10d1c</value>
         <object_component_ref idref="oc-60c"/>
      </symbol>
      <symbol id="sm-602">
         <name>Perip_Init_UARTA</name>
         <value>0x10c10</value>
         <object_component_ref idref="oc-612"/>
      </symbol>
      <symbol id="sm-603">
         <name>Perip_Init_CLK</name>
         <value>0x10b60</value>
         <object_component_ref idref="oc-606"/>
      </symbol>
      <symbol id="sm-625">
         <name>PMM_unlockLPM5</name>
         <value>0x10d90</value>
         <object_component_ref idref="oc-682"/>
      </symbol>
      <symbol id="sm-63b">
         <name>WDT_A_hold</name>
         <value>0x10cde</value>
         <object_component_ref idref="oc-5fa"/>
      </symbol>
      <symbol id="sm-65e">
         <name>__TI_decompress_lzss</name>
         <value>0x10900</value>
         <object_component_ref idref="oc-79"/>
      </symbol>
      <symbol id="sm-66f">
         <name>__TI_decompress_none</name>
         <value>0x10d70</value>
         <object_component_ref idref="oc-7f"/>
      </symbol>
      <symbol id="sm-672">
         <name>__TI_int27</name>
         <value>0xffc6</value>
         <object_component_ref idref="oc-85"/>
      </symbol>
      <symbol id="sm-67a">
         <name>__TI_ISR_TRAP</name>
         <value>0x4480</value>
         <object_component_ref idref="oc-4db"/>
      </symbol>
      <symbol id="sm-67d">
         <name>__TI_int28</name>
         <value>0xffc8</value>
         <object_component_ref idref="oc-86"/>
      </symbol>
      <symbol id="sm-680">
         <name>__TI_int29</name>
         <value>0xffca</value>
         <object_component_ref idref="oc-87"/>
      </symbol>
      <symbol id="sm-683">
         <name>__TI_int30</name>
         <value>0xffcc</value>
         <object_component_ref idref="oc-88"/>
      </symbol>
      <symbol id="sm-686">
         <name>__TI_int31</name>
         <value>0xffce</value>
         <object_component_ref idref="oc-89"/>
      </symbol>
      <symbol id="sm-689">
         <name>__TI_int32</name>
         <value>0xffd0</value>
         <object_component_ref idref="oc-8a"/>
      </symbol>
      <symbol id="sm-68c">
         <name>__TI_int33</name>
         <value>0xffd2</value>
         <object_component_ref idref="oc-8b"/>
      </symbol>
      <symbol id="sm-68f">
         <name>__TI_int34</name>
         <value>0xffd4</value>
         <object_component_ref idref="oc-8c"/>
      </symbol>
      <symbol id="sm-692">
         <name>__TI_int35</name>
         <value>0xffd6</value>
         <object_component_ref idref="oc-8d"/>
      </symbol>
      <symbol id="sm-695">
         <name>__TI_int36</name>
         <value>0xffd8</value>
         <object_component_ref idref="oc-8e"/>
      </symbol>
      <symbol id="sm-698">
         <name>__TI_int37</name>
         <value>0xffda</value>
         <object_component_ref idref="oc-8f"/>
      </symbol>
      <symbol id="sm-69b">
         <name>__TI_int38</name>
         <value>0xffdc</value>
         <object_component_ref idref="oc-90"/>
      </symbol>
      <symbol id="sm-69e">
         <name>__TI_int39</name>
         <value>0xffde</value>
         <object_component_ref idref="oc-91"/>
      </symbol>
      <symbol id="sm-6a1">
         <name>__TI_int40</name>
         <value>0xffe0</value>
         <object_component_ref idref="oc-92"/>
      </symbol>
      <symbol id="sm-6a4">
         <name>__TI_int41</name>
         <value>0xffe2</value>
         <object_component_ref idref="oc-93"/>
      </symbol>
      <symbol id="sm-6a7">
         <name>__TI_int42</name>
         <value>0xffe4</value>
         <object_component_ref idref="oc-94"/>
      </symbol>
      <symbol id="sm-6aa">
         <name>__TI_int43</name>
         <value>0xffe6</value>
         <object_component_ref idref="oc-95"/>
      </symbol>
      <symbol id="sm-6ad">
         <name>__TI_int45</name>
         <value>0xffea</value>
         <object_component_ref idref="oc-97"/>
      </symbol>
      <symbol id="sm-6b0">
         <name>__TI_int46</name>
         <value>0xffec</value>
         <object_component_ref idref="oc-98"/>
      </symbol>
      <symbol id="sm-6b3">
         <name>__TI_int49</name>
         <value>0xfff2</value>
         <object_component_ref idref="oc-9a"/>
      </symbol>
      <symbol id="sm-6b6">
         <name>__TI_int50</name>
         <value>0xfff4</value>
         <object_component_ref idref="oc-9b"/>
      </symbol>
      <symbol id="sm-6b9">
         <name>__TI_int51</name>
         <value>0xfff6</value>
         <object_component_ref idref="oc-9c"/>
      </symbol>
      <symbol id="sm-6bc">
         <name>__TI_int52</name>
         <value>0xfff8</value>
         <object_component_ref idref="oc-9d"/>
      </symbol>
      <symbol id="sm-6bf">
         <name>__TI_int53</name>
         <value>0xfffa</value>
         <object_component_ref idref="oc-9e"/>
      </symbol>
      <symbol id="sm-6c2">
         <name>__TI_int54</name>
         <value>0xfffc</value>
         <object_component_ref idref="oc-9f"/>
      </symbol>
      <symbol id="sm-6d5">
         <name>__TI_zero_init_nomemset</name>
         <value>0x10cba</value>
         <object_component_ref idref="oc-4ec"/>
      </symbol>
      <symbol id="sm-6f1">
         <name>_c_int00_noargs_mpu</name>
         <value>0x444c</value>
         <object_component_ref idref="oc-516"/>
      </symbol>
      <symbol id="sm-6f2">
         <name>_stack</name>
         <value>0x2360</value>
         <object_component_ref idref="oc-4bf"/>
      </symbol>
      <symbol id="sm-6f3">
         <name>_reset_vector</name>
         <value>0xfffe</value>
         <object_component_ref idref="oc-4c2"/>
      </symbol>
      <symbol id="sm-6fc">
         <name>__mpu_init</name>
         <value>0x10c42</value>
         <object_component_ref idref="oc-565"/>
      </symbol>
      <symbol id="sm-720">
         <name>__TI_auto_init_nobinit_nopinit_hold_wdt</name>
         <value>0x10ac4</value>
         <object_component_ref idref="oc-5da"/>
      </symbol>
      <symbol id="sm-729">
         <name>_system_post_cinit</name>
         <value>0x10da2</value>
         <object_component_ref idref="oc-660"/>
      </symbol>
      <symbol id="sm-732">
         <name>_system_pre_init</name>
         <value>0x10d9e</value>
         <object_component_ref idref="oc-54d"/>
      </symbol>
      <symbol id="sm-743">
         <name>C$$EXIT</name>
         <value>0x10d98</value>
         <object_component_ref idref="oc-5b6"/>
      </symbol>
      <symbol id="sm-744">
         <name>abort</name>
         <value>0x10d98</value>
         <object_component_ref idref="oc-5b6"/>
      </symbol>
      <symbol id="sm-754">
         <name>memcpy</name>
         <value>0x10d4a</value>
         <object_component_ref idref="oc-4ce"/>
      </symbol>
   </symbol_table>
   <title>Link successful</title>
</link_info>
